Archive member included because of file (symbol)

core/drv_bsp/MST9U_nos_r2/lib/libnos.a(asmCPU.o)
                              Obj_R2_MT9700_MTK/./monitor_ap/DRIVER/9700/drvmStar.o (_MAsm_CPU_DelayMs)
core/drv_bsp/MST9U_nos_r2/lib/libnos.a(MsOS_nos.o)
                              Obj_R2_MT9700_MTK/./core/api/n51fs/msAPI_MSDCtrl.o (_MsOS_VA2PA)
core/drv_bsp/MST9U_nos_r2/lib/libdrvCPU.a(drvCPU.o)
                              core/drv_bsp/MST9U_nos_r2/lib/libnos.a(MsOS_nos.o) (_MDrv_CPU_SetClock)
core/drv_bsp/MST9U_nos_r2/lib/libdrvCPU.a(halCPU.o)
                              core/drv_bsp/MST9U_nos_r2/lib/libdrvCPU.a(drvCPU.o) (_HAL_COPRO_RegSetBase)
core/drv_bsp/MST9U_nos_r2/lib/libdrvUART.a(drvUART.o)
                              Obj_R2_MT9700_MTK/./core/driver/sys/MST9U/drvUartDebug.o (_mdrv_uart_open)
core/drv_bsp/MST9U_nos_r2/lib/libdrvUART.a(halUART.o)
                              core/drv_bsp/MST9U_nos_r2/lib/libdrvUART.a(drvUART.o) (_HAL_UART_SetIOMapBase)
core/drv_bsp/MST9U_nos_r2/lib/libdrvMMIO.a(drvMMIO.o)
                              Obj_R2_MT9700_MTK/./core/driver/sys/MST9U/SysInit.o (_MDrv_MMIO_Init)
core/drv_bsp/MST9U_nos_r2/lib/libdrvMMIO.a(halMMIO.o)
                              core/drv_bsp/MST9U_nos_r2/lib/libdrvMMIO.a(drvMMIO.o) (_HAL_MMIO_GetType)
./monitor_ap/LIB/Common.lib(msEread.o)
                              Obj_R2_MT9700_MTK/./monitor_ap/DRIVER/9700/drvDAC.o (_msEread_Init)
core/drv_bsp/MST9U_nos_r2/lib/libdrvIRQ.a(drvIRQ.o)
                              core/drv_bsp/MST9U_nos_r2/lib/libnos.a(MsOS_nos.o) (_MDrv_IRQ_InISR)
core/drv_bsp/MST9U_nos_r2/lib/libdrvIRQ.a(halIRQ.o)
                              core/drv_bsp/MST9U_nos_r2/lib/libdrvIRQ.a(drvIRQ.o) (_HAL_IRQ_Set_IOMap)
./core/lib/MST9U/libprana_MST9U.a(reset.o)
                              (--whole-archive)
./core/lib/MST9U/libprana_MST9U.a(vectors.o)
                              (--whole-archive)
./core/lib/MST9U/libprana_MST9U.a(stack.o)
                              (--whole-archive)
./core/lib/MST9U/libprana_MST9U.a(cache.o)
                              (--whole-archive)
./core/lib/MST9U/libprana_MST9U.a(context.o)
                              (--whole-archive)
./core/lib/MST9U/libprana_MST9U.a(interrupt.o)
                              (--whole-archive)
./core/lib/MST9U/libprana_MST9U.a(exception.o)
                              (--whole-archive)
./core/lib/MST9U/libprana_MST9U.a(vsnprintf.o)
                              (--whole-archive)
./core/lib/MST9U/libprana_MST9U.a(vsprintf.o)
                              (--whole-archive)
./core/lib/MST9U/libprana_MST9U.a(snprintf.o)
                              (--whole-archive)
./core/lib/MST9U/libprana_MST9U.a(sprintf.o)
                              (--whole-archive)
./core/lib/MST9U/libprana_MST9U.a(printf.o)
                              (--whole-archive)
./core/lib/MST9U/libprana_MST9U.a(putchar.o)
                              (--whole-archive)
./core/lib/MST9U/libprana_MST9U.a(puts.o)
                              (--whole-archive)
./core/lib/MST9U/libprana_MST9U.a(sbrk.o)
                              (--whole-archive)
./core/lib/MST9U/libprana_MST9U.a(memchr.o)
                              (--whole-archive)
./core/lib/MST9U/libprana_MST9U.a(memset.o)
                              (--whole-archive)
./core/lib/MST9U/libprana_MST9U.a(backtrace.o)
                              (--whole-archive)
./core/lib/MST9U/libprana_MST9U.a(int_sqrt.o)
                              (--whole-archive)
./core/lib/MST9U/libprana_MST9U.a(__assert.o)
                              (--whole-archive)
./core/lib/MST9U/libprana_MST9U.a(ms_decompress.o)
                              (--whole-archive)
./core/lib/MST9U/libprana_MST9U.a(zlib.o)
                              (--whole-archive)
./core/lib/MST9U/libprana_MST9U.a(lzmadec.o)
                              (--whole-archive)
./core/lib/MST9U/libprana_MST9U.a(7alloc.o)
                              (--whole-archive)
./core/lib/MST9U/libprana_MST9U.a(exception_cb.o)
                              (--whole-archive)
./core/lib/MST9U/libprana_MST9U.a(timer_cb.o)
                              (--whole-archive)
./core/lib/MST9U/libprana_MST9U.a(dlmalloc.o)
                              (--whole-archive)
./core/lib/MST9U/libprana_MST9U.a(device.o)
                              (--whole-archive)
./core/lib/MST9U/libprana_MST9U.a(drvGlobal.o)
                              (--whole-archive)
./core/lib/MST9U/libprana_MST9U.a(vsnprintf_boot.o)
                              (--whole-archive)
/cygdrive/c/cygwin/opt/aeon/bin/../lib/gcc/aeon/4.1.2/../../../../aeon/lib/aeonR2/el/libc.a(errno.o)
                              ./core/lib/MST9U/libprana_MST9U.a(dlmalloc.o) (___errno)
/cygdrive/c/cygwin/opt/aeon/bin/../lib/gcc/aeon/4.1.2/../../../../aeon/lib/aeonR2/el/libc.a(glue.o)
                              Obj_R2_MT9700_MTK/./core/driver/sys/MST9U/SysInit.o (___heap_end)
[...]
Memory Configuration

Name             Origin             Length             Attributes
ram              0x00000000         0x00200000
sram             0xb0000000         0x00040000
*default*        0x00000000         0xffffffff

Linker script and memory map

START GROUP
LOAD Obj_R2_MT9700_MTK/./monitor_ap/KERNEL/SCALER/ms_rwreg.o
LOAD Obj_R2_MT9700_MTK/./monitor_ap/DRIVER/9700/drvAdjust.o
LOAD Obj_R2_MT9700_MTK/./monitor_ap/DRIVER/9700/drvMcu.o
LOAD Obj_R2_MT9700_MTK/./monitor_ap/DRIVER/9700/msScaler.o
LOAD Obj_R2_MT9700_MTK/./monitor_ap/DRIVER/9700/appmStar.o
LOAD Obj_R2_MT9700_MTK/./monitor_ap/DRIVER/9700/drvmStar.o
LOAD Obj_R2_MT9700_MTK/./monitor_ap/DRIVER/9700/msFB.o
LOAD Obj_R2_MT9700_MTK/./monitor_ap/DRIVER/9700/drvmsOVD.o
LOAD Obj_R2_MT9700_MTK/./monitor_ap/DRIVER/9700/drvDAC.o
LOAD Obj_R2_MT9700_MTK/./monitor_ap/DRIVER/9700/drvGamma.o
LOAD Obj_R2_MT9700_MTK/./monitor_ap/DRIVER/9700/drvCEC.o
LOAD Obj_R2_MT9700_MTK/./monitor_ap/DRIVER/9700/drvIMI.o
LOAD Obj_R2_MT9700_MTK/./monitor_ap/DRIVER/9700/drvDeltaE.o
LOAD Obj_R2_MT9700_MTK/./monitor_ap/DRIVER/drvDDC2Bi.o
LOAD Obj_R2_MT9700_MTK/./monitor_ap/DRIVER/drvBDMA.o
LOAD Obj_R2_MT9700_MTK/./monitor_ap/DRIVER/drvUARTPIU.o
LOAD Obj_R2_MT9700_MTK/./monitor_ap/DRIVER/ms3DLUT.o
LOAD Obj_R2_MT9700_MTK/./monitor_ap/DRIVER/drv3DLUT_C.o
LOAD Obj_R2_MT9700_MTK/./monitor_ap/DRIVER/apiHDR.o
LOAD Obj_R2_MT9700_MTK/./monitor_ap/DRIVER/drvHDR.o
LOAD Obj_R2_MT9700_MTK/./monitor_ap/DRIVER/drvHDRCommon.o
LOAD Obj_R2_MT9700_MTK/./monitor_ap/DRIVER/drvHDRLUT.o
LOAD Obj_R2_MT9700_MTK/./monitor_ap/DRIVER/USB_Device/drvUSBDwld.o
LOAD Obj_R2_MT9700_MTK/./monitor_ap/DRIVER/USB_Device/ms_dma.o
LOAD Obj_R2_MT9700_MTK/./monitor_ap/DRIVER/USB_Device/ms_drc.o
LOAD Obj_R2_MT9700_MTK/./monitor_ap/DRIVER/USB_Device/ms_function.o
LOAD Obj_R2_MT9700_MTK/./monitor_ap/DRIVER/USB_Device/ms_msd_global.o
LOAD Obj_R2_MT9700_MTK/./monitor_ap/DRIVER/USB_Device/ms_otg.o
LOAD Obj_R2_MT9700_MTK/./monitor_ap/DRIVER/USB_Device/ms_usb.o
LOAD Obj_R2_MT9700_MTK/./monitor_ap/DRIVER/USB_Device/msd_fn_scsi.o
LOAD Obj_R2_MT9700_MTK/./monitor_ap/DRIVER/USB_Device/msd_fn_xfer.o
LOAD Obj_R2_MT9700_MTK/./monitor_ap/DRIVER/USB_Host/source/usb_host_p1/drvHost200.o
LOAD Obj_R2_MT9700_MTK/./monitor_ap/DRIVER/USB_Host/source/usb_host_p1/drvUsbHostLib.o
LOAD Obj_R2_MT9700_MTK/./monitor_ap/DRIVER/USB_Host/source/usb_host_p1/drvHostLib.o
LOAD Obj_R2_MT9700_MTK/./monitor_ap/DRIVER/USB_Host/source/usb_host_p1/drvMassStorage.o
LOAD Obj_R2_MT9700_MTK/./monitor_ap/DRIVER/USB_Host/source/usb_host_p1/drvScsi.o
LOAD Obj_R2_MT9700_MTK/./monitor_ap/DRIVER/USB_Host/source/usb_host_p1/drvUsbMain.o
LOAD Obj_R2_MT9700_MTK/./monitor_ap/EXTDEVICE/TouchPanel.o
LOAD Obj_R2_MT9700_MTK/./monitor_ap/EXTDEVICE/TouchKey.o
LOAD Obj_R2_MT9700_MTK/./monitor_ap/EXTDEVICE/USB.o
LOAD Obj_R2_MT9700_MTK/./monitor_ap/KERNEL/SCALER/LoadPropFont1218.o
LOAD Obj_R2_MT9700_MTK/./monitor_ap/KERNEL/SCALER/drvGPIO.o
LOAD Obj_R2_MT9700_MTK/./monitor_ap/KERNEL/SCALER/mStar.o
LOAD Obj_R2_MT9700_MTK/./monitor_ap/KERNEL/SCALER/detect.o
LOAD Obj_R2_MT9700_MTK/./monitor_ap/KERNEL/SCALER/Adjust.o
LOAD Obj_R2_MT9700_MTK/./monitor_ap/KERNEL/SCALER/DDC.o
LOAD Obj_R2_MT9700_MTK/./monitor_ap/KERNEL/SCALER/msMenuload.o
LOAD Obj_R2_MT9700_MTK/./monitor_ap/KERNEL/SCALER/AutoFunc.o
LOAD Obj_R2_MT9700_MTK/./monitor_ap/KERNEL/SCALER/drvOSD.o
LOAD Obj_R2_MT9700_MTK/./monitor_ap/KERNEL/SCALER/AutoGamma.o
LOAD Obj_R2_MT9700_MTK/./monitor_ap/KERNEL/SCALER/drvADC.o
LOAD Obj_R2_MT9700_MTK/./monitor_ap/KERNEL/SCALER/msOVD.o
LOAD Obj_R2_MT9700_MTK/./monitor_ap/KERNEL/SCALER/Ms_PM.o
LOAD Obj_R2_MT9700_MTK/./monitor_ap/KERNEL/SCALER/Gamma.o
LOAD Obj_R2_MT9700_MTK/./monitor_ap/KERNEL/SCALER/msDPS_Handler.o
LOAD Obj_R2_MT9700_MTK/./monitor_ap/KERNEL/SCALER/msDPS_Setting.o
LOAD Obj_R2_MT9700_MTK/./monitor_ap/KERNEL/SCALER/apiCEC.o
LOAD Obj_R2_MT9700_MTK/./monitor_ap/KERNEL/SCALER/MsDLC.o
LOAD Obj_R2_MT9700_MTK/./monitor_ap/KERNEL/SCALER/msLD_Handler.o
LOAD Obj_R2_MT9700_MTK/./monitor_ap/KERNEL/SCALER/ComboApp.o
LOAD Obj_R2_MT9700_MTK/./monitor_ap/DRIVER/9700/mhal_DPRx.o
LOAD Obj_R2_MT9700_MTK/./monitor_ap/DRIVER/9700/mhal_DPRx_phy.o
LOAD Obj_R2_MT9700_MTK/./monitor_ap/DRIVER/9700/mdrv_DPRx.o
LOAD Obj_R2_MT9700_MTK/./monitor_ap/DRIVER/9700/mapi_DPRx.o
LOAD Obj_R2_MT9700_MTK/./monitor_ap/DRIVER/9700/mapi_eDPTx.o
LOAD Obj_R2_MT9700_MTK/./monitor_ap/DRIVER/9700/mdrv_eDPTx.o
LOAD Obj_R2_MT9700_MTK/./monitor_ap/DRIVER/9700/mhal_eDPTx.o
LOAD Obj_R2_MT9700_MTK/./monitor_ap/DRIVER/9700/mhal_hdmiRx.o
LOAD Obj_R2_MT9700_MTK/./monitor_ap/DRIVER/9700/mdrv_hdmiRx.o
LOAD Obj_R2_MT9700_MTK/./monitor_ap/DRIVER/9700/HDCP22/HdcpHandler.o
LOAD Obj_R2_MT9700_MTK/./monitor_ap/DRIVER/9700/HDCP22/HdcpLog.o
LOAD Obj_R2_MT9700_MTK/./monitor_ap/DRIVER/9700/HDCP22/HdcpMbx.o
LOAD Obj_R2_MT9700_MTK/./monitor_ap/DRIVER/9700/HDCP22/HdcpMsgPool.o
LOAD Obj_R2_MT9700_MTK/./monitor_ap/DRIVER/9700/HDCP22/HdcpRx.o
LOAD Obj_R2_MT9700_MTK/./monitor_ap/DRIVER/9700/HDCP22/HdcpTx.o
LOAD Obj_R2_MT9700_MTK/./monitor_ap/DRIVER/9700/HDCP22/drv_Hdcp_IMI.o
LOAD Obj_R2_MT9700_MTK/./monitor_ap/KERNEL/SCALER/msACE.o
LOAD Obj_R2_MT9700_MTK/./monitor_ap/KERNEL/SCALER/dri_table_gen.o
LOAD Obj_R2_MT9700_MTK/./monitor_ap/KERNEL/SYSTEM/isr.o
LOAD Obj_R2_MT9700_MTK/./monitor_ap/KERNEL/SYSTEM/Common.o
LOAD Obj_R2_MT9700_MTK/./monitor_ap/KERNEL/SYSTEM/Global.o
LOAD Obj_R2_MT9700_MTK/./monitor_ap/KERNEL/SYSTEM/main.o
LOAD Obj_R2_MT9700_MTK/./monitor_ap/KERNEL/SYSTEM/mcu.o
LOAD Obj_R2_MT9700_MTK/./monitor_ap/KERNEL/SYSTEM/misc.o
LOAD Obj_R2_MT9700_MTK/./monitor_ap/KERNEL/SYSTEM/NVRam.o
LOAD Obj_R2_MT9700_MTK/./monitor_ap/KERNEL/SYSTEM/power.o
LOAD Obj_R2_MT9700_MTK/./monitor_ap/KERNEL/SYSTEM/DDC2Bi.o
LOAD Obj_R2_MT9700_MTK/./monitor_ap/KERNEL/SYSTEM/i2c.o
LOAD Obj_R2_MT9700_MTK/./monitor_ap/KERNEL/SYSTEM/DDCColorHandler.o
LOAD Obj_R2_MT9700_MTK/./monitor_ap/KERNEL/SYSTEM/DDCMCCSMSCHandler.o
LOAD Obj_R2_MT9700_MTK/./monitor_ap/KERNEL/SYSTEM/mailbox.o
LOAD Obj_R2_MT9700_MTK/./monitor_ap/KERNEL/SYSTEM/usbsw.o
LOAD Obj_R2_MT9700_MTK/./monitor_ap/KERNEL/SYSTEM/mode.o
LOAD Obj_R2_MT9700_MTK/./monitor_ap/KERNEL/SYSTEM/hwi2c.o
LOAD Obj_R2_MT9700_MTK/./monitor_ap/KERNEL/SYSTEM/mspi_flash.o
LOAD Obj_R2_MT9700_MTK/./monitor_ap/KERNEL/SYSTEM/Debug.o
LOAD Obj_R2_MT9700_MTK/./monitor_ap/KERNEL/SYSTEM/msAPI_MSBHK.o
LOAD Obj_R2_MT9700_MTK/./monitor_ap/KERNEL/SYSTEM/COLOR_VERIFY.o
LOAD Obj_R2_MT9700_MTK/./monitor_ap/KERNEL/SYSTEM/MsFlash.o
LOAD Obj_R2_MT9700_MTK/./monitor_ap/KERNEL/SYSTEM/PDUpdate.o
LOAD Obj_R2_MT9700_MTK/./monitor_ap/KERNEL/SYSTEM/PDUpdateReserved.o
LOAD Obj_R2_MT9700_MTK/./monitor_ap/CUSTOM/MTK/UI/menu.o
LOAD Obj_R2_MT9700_MTK/./monitor_ap/CUSTOM/MTK/UI/msOSD.o
LOAD Obj_R2_MT9700_MTK/./monitor_ap/CUSTOM/MTK/UI/MenuStrProp.o
LOAD Obj_R2_MT9700_MTK/./monitor_ap/CUSTOM/MTK/UI/MenuFunc.o
LOAD Obj_R2_MT9700_MTK/./monitor_ap/CUSTOM/MTK/UI/MenuStr.o
LOAD Obj_R2_MT9700_MTK/./monitor_ap/CUSTOM/MTK/UI/MenuStrFunc.o
LOAD Obj_R2_MT9700_MTK/./monitor_ap/CUSTOM/MTK/UI/ColorPalette.o
LOAD Obj_R2_MT9700_MTK/./monitor_ap/CUSTOM/MTK/UI/LoadCommonFont.o
LOAD Obj_R2_MT9700_MTK/./monitor_ap/CUSTOM/MTK/UI/Keypad.o
LOAD Obj_R2_MT9700_MTK/./monitor_ap/CUSTOM/MTK/USERDATA/UserPref.o
LOAD Obj_R2_MT9700_MTK/./monitor_ap/CUSTOM/MTK/USERFUNC/CustomCbAPI.o
LOAD Obj_R2_MT9700_MTK/./monitor_ap/CUSTOM/MTK/USERFUNC/CustomEDID.o
LOAD Obj_R2_MT9700_MTK/./monitor_ap/CUSTOM/MTK/USERFUNC/CustomFunc.o
LOAD Obj_R2_MT9700_MTK/./core/driver/sys/MST9U/SysInit.o
LOAD Obj_R2_MT9700_MTK/./core/driver/sys/MST9U/drvUartDebug.o
LOAD Obj_R2_MT9700_MTK/./core/driver/sys/MST9U/drvISR.o
LOAD Obj_R2_MT9700_MTK/./core/driver/sys/MST9U/drvPadConf.o
LOAD Obj_R2_MT9700_MTK/./core/driver/sys/MST9U/drvInit.o
LOAD Obj_R2_MT9700_MTK/./core/util/util_symbol.o
LOAD Obj_R2_MT9700_MTK/./core/util/uartdebug.o
LOAD Obj_R2_MT9700_MTK/./core/api/utl/Utl.o
LOAD Obj_R2_MT9700_MTK/./core/api/msAPI_Memory.o
LOAD Obj_R2_MT9700_MTK/./core/api/IOUtil.o
LOAD Obj_R2_MT9700_MTK/./core/api/msAPI_Timer.o
LOAD Obj_R2_MT9700_MTK/./core/api/msAPI_FS_SysInfo.o
LOAD Obj_R2_MT9700_MTK/./core/api/n51fs/msAPI_FCtrl.o
LOAD Obj_R2_MT9700_MTK/./core/api/n51fs/msAPI_FAT.o
LOAD Obj_R2_MT9700_MTK/./core/api/n51fs/FAT_Cache.o
LOAD Obj_R2_MT9700_MTK/./core/api/n51fs/FSUtil.o
LOAD Obj_R2_MT9700_MTK/./core/api/n51fs/msAPI_MSDCtrl.o
LOAD Obj_R2_MT9700_MTK/./core/api/n51fs/msAPI_FSEnv.o
LOAD Obj_R2_MT9700_MTK/./core/api/n51fs/msAPI_N51FS.o
LOAD Obj_R2_MT9700_MTK/./core/api/n51fs/N51FS_File.o
LOAD Obj_R2_MT9700_MTK/./core/api/n51fs/N51FS_Index.o
LOAD Obj_R2_MT9700_MTK/./core/api/n51fs/N51FS_Bitmap.o
LOAD Obj_R2_MT9700_MTK/./core/app/mw_usbdownload.o
LOAD Obj_R2_MT9700_MTK/./core/app/MApp_SwUpdate.o
LOAD Obj_R2_MT9700_MTK/./core/app/MApp_USBDownload.o
LOAD Obj_R2_MT9700_MTK/./project/image/default/InfoBlock.o
LOAD Obj_R2_MT9700_MTK/./project/image/imginfo.o
LOAD core/drv_bsp/MST9U_nos_r2/lib/libdrvIRQ.a
LOAD core/drv_bsp/MST9U_nos_r2/lib/libnos.a
LOAD core/drv_bsp/MST9U_nos_r2/lib/libdrvCPU.a
LOAD core/drv_bsp/MST9U_nos_r2/lib/libdrvUART.a
LOAD core/drv_bsp/MST9U_nos_r2/lib/libdrvMMIO.a
LOAD ./monitor_ap/LIB/Common.lib
END GROUP
LOAD ./core/lib/MST9U/libprana_MST9U.a
LOAD /cygdrive/c/cygwin/opt/aeon/bin/../lib/gcc/aeon/4.1.2/../../../../aeon/lib/aeonR2/el/libc.a
LOAD /cygdrive/c/cygwin/opt/aeon/bin/../lib/gcc/aeon/4.1.2/aeonR2/el/libgcc.a
LOAD /cygdrive/c/cygwin/opt/aeon/bin/../lib/gcc/aeon/4.1.2/../../../../aeon/lib/aeonR2/el/libm.a
                0x00009c40                KERNEL_POOL_SIZE = 0x9c40
                0x00000000                RAM_START = 0x0
                0x00200000                RAM_SIZE = 0x200000

.vectors        0x00000000      0xf00
                0x00000000                . = .
 *(.reset)
 .reset         0x00000000      0x19f ./core/lib/MST9U/libprana_MST9U.a(reset.o)
                0x00000100                __reset
 *(.vectors)
 *fill*         0x0000019f       0x61 00
 .vectors       0x00000200      0xd00 ./core/lib/MST9U/libprana_MST9U.a(vectors.o)
                0x00000200                __exception_bus_error
                0x00000400                __exception_instruction_page_fault
                0x00000700                __exception_illegal_instruction
                0x00000600                __exception_unaligned_access
                0x00000900                __exception_dtlb_miss
                0x00000a00                __exception_itlb_miss
                0x00000e00                __exception_trap
                0x00000500                __exception_tick_timer
                0x00000c00                __exception_syscall
                0x00000d00                __exception_reserved
                0x00000b00                __exception_range
                0x00000800                __exception_external_interrupt
                0x00000300                __exception_data_page_fault

.interp
 *(.interp)

.hash
 *(.hash)

.dynsym
 *(.dynsym)

.dynstr
 *(.dynstr)

.gnu.version
 *(.gnu.version)

.gnu.version_d
 *(.gnu.version_d)

.gnu.version_r
 *(.gnu.version_r)

.plt
 *(.plt)

.rel.text
 *(.rel.text)
 *(.rel.text.*)
 *(.rel.gnu.linkonce.t*)

.rela.text
 *(.rela.text)
 *(.rela.text.*)
 *(.rela.gnu.linkonce.t*)

.rel.data
 *(.rel.data)
 *(.rel.data.*)
 *(.rel.gnu.linkonce.d*)

.rela.data
 *(.rela.data)
 *(.rela.data.*)
 *(.rela.gnu.linkonce.d*)

.rel.rodata
 *(.rel.rodata)
 *(.rel.rodata.*)
 *(.rel.gnu.linkonce.r*)

.rela.rodata
 *(.rela.rodata)
 *(.rela.rodata.*)
 *(.rela.gnu.linkonce.r*)

.rel.got
 *(.rel.got)

.rela.got
 *(.rela.got)

.rel.ctors
 *(.rel.ctors)

.rela.ctors
 *(.rela.ctors)

.rel.dtors
 *(.rel.dtors)

.rela.dtors
 *(.rela.dtors)

.rel.init
 *(.rel.init)

.rela.init
 *(.rela.init)

.rel.fini
 *(.rel.fini)

.rela.fini
 *(.rela.fini)

.rel.bss
 *(.rel.bss)

.rela.bss
 *(.rela.bss)

.rel.plt
 *(.rel.plt)

.rela.plt
 *(.rela.plt)

.rel.dyn
 *(.rel.dyn)

.prog_img_info  0x00001100       0x50
                0x00001100                prog_img_info = .
 *(.prog_img_info)
 .prog_img_info
                0x00001100       0x50 Obj_R2_MT9700_MTK/./project/image/imginfo.o
                0x00001100                _g_ImgInfo

.cmp_img_info   0x00001200       0x18
                0x00001200                cmp_img_info = .
 *(.cmp_img_info)
 .cmp_img_info  0x00001200       0x18 Obj_R2_MT9700_MTK/./core/driver/sys/MST9U/SysInit.o
                0x00001200                _g_cmpInfo

.img_info       0x00002000       0x2f
                0x00002000                img_info = .
 *(.img_info)
 .img_info      0x00002000       0x2f Obj_R2_MT9700_MTK/./project/image/default/InfoBlock.o
                0x00002000                _BinaryInfoBlock

.boot_data      0x00002100        0x0
                0x00002100                . = .
 *(.boot_data)
                0x00004000                . = ALIGN (0x2000)
                0x00004000                __readonly_start = .

.init           0x00004000        0x0
                0x00004000                . = .
 *(.init)

.fini           0x00004000        0x0
                0x00004000                . = .
 *(.fini)

.text           0x00004000    0x60e9d
                0x00004000                __stext = .
 *(.boot_from_spi_start.*)
 *(.text*)
 .text.msMemReadByte
                0x00004000        0xc Obj_R2_MT9700_MTK/./monitor_ap/KERNEL/SCALER/ms_rwreg.o
                0x00004000                _msMemReadByte
 .text.scReadByte
                0x0000400c       0x25 Obj_R2_MT9700_MTK/./monitor_ap/KERNEL/SCALER/ms_rwreg.o
                0x0000400c                _scReadByte
 .text.msReadByte
                0x00004031       0x6c Obj_R2_MT9700_MTK/./monitor_ap/KERNEL/SCALER/ms_rwreg.o
                0x00004031                _msReadByte
 .text.msWriteByte
                0x0000409d       0x66 Obj_R2_MT9700_MTK/./monitor_ap/KERNEL/SCALER/ms_rwreg.o
                0x0000409d                _msWriteByte
 .text.msWriteBit
                0x00004103       0x3f Obj_R2_MT9700_MTK/./monitor_ap/KERNEL/SCALER/ms_rwreg.o
                0x00004103                _msWriteBit
 .text.msRead2Byte
                0x00004142       0x31 Obj_R2_MT9700_MTK/./monitor_ap/KERNEL/SCALER/ms_rwreg.o
                0x00004142                _msRead2Byte
 .text.msWrite2Byte
                0x00004173       0x2b Obj_R2_MT9700_MTK/./monitor_ap/KERNEL/SCALER/ms_rwreg.o
                0x00004173                _msWrite2Byte
 .text.msWriteByteMask
                0x0000419e       0x3c Obj_R2_MT9700_MTK/./monitor_ap/KERNEL/SCALER/ms_rwreg.o
                0x0000419e                _msWriteByteMask
 .text.msWrite2ByteMask
                0x000041da       0x3a Obj_R2_MT9700_MTK/./monitor_ap/KERNEL/SCALER/ms_rwreg.o
                0x000041da                _msWrite2ByteMask
 .text.msWrite3Byte
                0x00004214       0x3b Obj_R2_MT9700_MTK/./monitor_ap/KERNEL/SCALER/ms_rwreg.o
                0x00004214                _msWrite3Byte
 .text.msWrite3ByteMask
                0x0000424f       0x53 Obj_R2_MT9700_MTK/./monitor_ap/KERNEL/SCALER/ms_rwreg.o
                0x0000424f                _msWrite3ByteMask
 .text.msRead4Byte
                0x000042a2       0x5a Obj_R2_MT9700_MTK/./monitor_ap/KERNEL/SCALER/ms_rwreg.o
                0x000042a2                _msRead4Byte
 .text.msWrite4Byte
                0x000042fc       0x45 Obj_R2_MT9700_MTK/./monitor_ap/KERNEL/SCALER/ms_rwreg.o
                0x000042fc                _msWrite4Byte
 .text.old_msReadByte
                0x00004341       0x12 Obj_R2_MT9700_MTK/./monitor_ap/KERNEL/SCALER/ms_rwreg.o
                0x00004341                _old_msReadByte
 .text.old_msWriteByte
                0x00004353       0x10 Obj_R2_MT9700_MTK/./monitor_ap/KERNEL/SCALER/ms_rwreg.o
                0x00004353                _old_msWriteByte
 .text.old_msWriteBit
                0x00004363       0x10 Obj_R2_MT9700_MTK/./monitor_ap/KERNEL/SCALER/ms_rwreg.o
                0x00004363                _old_msWriteBit
 .text.old_msWrite2Byte
                0x00004373       0x10 Obj_R2_MT9700_MTK/./monitor_ap/KERNEL/SCALER/ms_rwreg.o
                0x00004373                _old_msWrite2Byte
 .text.old_msWrite2ByteMask
                0x00004383       0x10 Obj_R2_MT9700_MTK/./monitor_ap/KERNEL/SCALER/ms_rwreg.o
                0x00004383                _old_msWrite2ByteMask
 .text.old_msWriteByteMask
                0x00004393       0x10 Obj_R2_MT9700_MTK/./monitor_ap/KERNEL/SCALER/ms_rwreg.o
                0x00004393                _old_msWriteByteMask
 .text.msDrvColorMatrixEnable
                0x000043a3       0x5c Obj_R2_MT9700_MTK/./monitor_ap/DRIVER/9700/drvAdjust.o
                0x000043a3                _msDrvColorMatrixEnable
 .text.msDrvGammaEnable
                0x000043ff       0x9a Obj_R2_MT9700_MTK/./monitor_ap/DRIVER/9700/drvAdjust.o
                0x000043ff                _msDrvGammaEnable
 .text.msDrvFixGammaEnable
                0x00004499       0x45 Obj_R2_MT9700_MTK/./monitor_ap/DRIVER/9700/drvAdjust.o
                0x00004499                _msDrvFixGammaEnable
 .text.msDrvDeGammaEnable
                0x000044de       0x45 Obj_R2_MT9700_MTK/./monitor_ap/DRIVER/9700/drvAdjust.o
                0x000044de                _msDrvDeGammaEnable
 .text.msDrvWinReportSetRange
                0x00004523       0x55 Obj_R2_MT9700_MTK/./monitor_ap/DRIVER/9700/drvAdjust.o
                0x00004523                _msDrvWinReportSetRange
 .text.msDrv_SetColorModeDemo
                0x00004578      0x102 Obj_R2_MT9700_MTK/./monitor_ap/DRIVER/9700/drvAdjust.o
                0x00004578                _msDrv_SetColorModeDemo
 .text.msDrv_InitalSRSetting
                0x0000467a       0x2d Obj_R2_MT9700_MTK/./monitor_ap/DRIVER/9700/drvAdjust.o
                0x0000467a                _msDrv_InitalSRSetting
 .text.msDrvDisplayWindowEnable
                0x000046a7       0x97 Obj_R2_MT9700_MTK/./monitor_ap/DRIVER/9700/drvAdjust.o
                0x000046a7                _msDrvDisplayWindowEnable
 .text.msDrvWinReportEnable
                0x0000473e       0x16 Obj_R2_MT9700_MTK/./monitor_ap/DRIVER/9700/drvAdjust.o
                0x0000473e                _msDrvWinReportEnable
 .text.msDrvCustomBriEnable
                0x00004754       0x31 Obj_R2_MT9700_MTK/./monitor_ap/DRIVER/9700/drvAdjust.o
                0x00004754                _msDrvCustomBriEnable
 .text.msDrvCustomSatEnable
                0x00004785       0x31 Obj_R2_MT9700_MTK/./monitor_ap/DRIVER/9700/drvAdjust.o
                0x00004785                _msDrvCustomSatEnable
 .text.msDrvCustomHueEnable
                0x000047b6       0x2f Obj_R2_MT9700_MTK/./monitor_ap/DRIVER/9700/drvAdjust.o
                0x000047b6                _msDrvCustomHueEnable
 .text.msDrv_VideoHueSaturation
                0x000047e5       0xaf Obj_R2_MT9700_MTK/./monitor_ap/DRIVER/9700/drvAdjust.o
                0x000047e5                _msDrv_VideoHueSaturation
 .text.msDrvAdjustCustomBri
                0x00004894       0x13 Obj_R2_MT9700_MTK/./monitor_ap/DRIVER/9700/drvAdjust.o
                0x00004894                _msDrvAdjustCustomBri
 .text.msDrvAdjustCustomSat
                0x000048a7       0x13 Obj_R2_MT9700_MTK/./monitor_ap/DRIVER/9700/drvAdjust.o
                0x000048a7                _msDrvAdjustCustomSat
 .text.msDrvAdjustCustomHue
                0x000048ba       0x13 Obj_R2_MT9700_MTK/./monitor_ap/DRIVER/9700/drvAdjust.o
                0x000048ba                _msDrvAdjustCustomHue
 .text.msDrv_SuperResolutionOnOff
                0x000048cd       0xe7 Obj_R2_MT9700_MTK/./monitor_ap/DRIVER/9700/drvAdjust.o
                0x000048cd                _msDrv_SuperResolutionOnOff
 .text.msDrv_SetupSuperResolution
                0x000049b4      0x18d Obj_R2_MT9700_MTK/./monitor_ap/DRIVER/9700/drvAdjust.o
                0x000049b4                _msDrv_SetupSuperResolution
 .text.msDrvWinReportGetWeightingPixelCountBySetRange
                0x00004b41       0xda Obj_R2_MT9700_MTK/./monitor_ap/DRIVER/9700/drvAdjust.o
                0x00004b41                _msDrvWinReportGetWeightingPixelCountBySetRange
 .text.WritePostComprssGamma2Dram
                0x00004c1b       0xd1 Obj_R2_MT9700_MTK/./monitor_ap/DRIVER/9700/drvAdjust.o
                0x00004c1b                _WritePostComprssGamma2Dram
 .text.msDrvGammaLoadTbl_256E_14B
                0x00004cec       0x35 Obj_R2_MT9700_MTK/./monitor_ap/DRIVER/9700/drvAdjust.o
                0x00004cec                _msDrvGammaLoadTbl_256E_14B
 .text.msDrvDeGammaWriteTbl
                0x00004d21       0x37 Obj_R2_MT9700_MTK/./monitor_ap/DRIVER/9700/drvAdjust.o
                0x00004d21                _msDrvDeGammaWriteTbl
 .text.mStar_AdjustUserPrefBlacklevel
                0x00004d58       0x40 Obj_R2_MT9700_MTK/./monitor_ap/DRIVER/9700/drvAdjust.o
                0x00004d58                _mStar_AdjustUserPrefBlacklevel
 .text.mcuGetMcuSpeed
                0x00004d98        0xa Obj_R2_MT9700_MTK/./monitor_ap/DRIVER/9700/drvMcu.o
                0x00004d98                _mcuGetMcuSpeed
 .text.msDrvMcuTrigIntToPD51
                0x00004da2       0x18 Obj_R2_MT9700_MTK/./monitor_ap/DRIVER/9700/drvMcu.o
                0x00004da2                _msDrvMcuTrigIntToPD51
 .text.msDrvMcuTrigIntToSECUR2
                0x00004dba       0x21 Obj_R2_MT9700_MTK/./monitor_ap/DRIVER/9700/drvMcu.o
                0x00004dba                _msDrvMcuTrigIntToSECUR2
 .text.mcuGetSpiMode
                0x00004ddb       0x40 Obj_R2_MT9700_MTK/./monitor_ap/DRIVER/9700/drvMcu.o
                0x00004ddb                _mcuGetSpiMode
 .text.DelayUs  0x00004e1b        0x4 Obj_R2_MT9700_MTK/./monitor_ap/DRIVER/9700/drvMcu.o
                0x00004e1b                _DelayUs
 .text.mcuDMACRC32
                0x00004e1f       0x22 Obj_R2_MT9700_MTK/./monitor_ap/DRIVER/9700/drvMcu.o
                0x00004e1f                _mcuDMACRC32
 .text.mcu4kXdataMapToDRAMIMI
                0x00004e41       0x6f Obj_R2_MT9700_MTK/./monitor_ap/DRIVER/9700/drvMcu.o
                0x00004e41                _mcu4kXdataMapToDRAMIMI
 .text.mcuInitXdataMapToDRAM
                0x00004eb0       0x42 Obj_R2_MT9700_MTK/./monitor_ap/DRIVER/9700/drvMcu.o
                0x00004eb0                _mcuInitXdataMapToDRAM
 .text.mcuSetUartMux
                0x00004ef2       0x7a Obj_R2_MT9700_MTK/./monitor_ap/DRIVER/9700/drvMcu.o
                0x00004ef2                _mcuSetUartMux
 .text.Init_WDT
                0x00004f6c       0x49 Obj_R2_MT9700_MTK/./monitor_ap/DRIVER/9700/drvMcu.o
                0x00004f6c                _Init_WDT
 .text.mcuSetCPUClock
                0x00004fb5       0x5e Obj_R2_MT9700_MTK/./monitor_ap/DRIVER/9700/drvMcu.o
                0x00004fb5                _mcuSetCPUClock
 .text.mcuSetSlowClkSpeed
                0x00005013       0xa9 Obj_R2_MT9700_MTK/./monitor_ap/DRIVER/9700/drvMcu.o
                0x00005013                _mcuSetSlowClkSpeed
 .text.mcuSetMcuSpeed
                0x000050bc      0x108 Obj_R2_MT9700_MTK/./monitor_ap/DRIVER/9700/drvMcu.o
                0x000050bc                _mcuSetMcuSpeed
 .text.mcuSetSpiSpeed
                0x000051c4       0x53 Obj_R2_MT9700_MTK/./monitor_ap/DRIVER/9700/drvMcu.o
                0x000051c4                _mcuSetSpiSpeed
 .text.SetSPI_Quad_En
                0x00005217       0xe5 Obj_R2_MT9700_MTK/./monitor_ap/DRIVER/9700/drvMcu.o
                0x00005217                _SetSPI_Quad_En
 .text.mcuSetSpiMode
                0x000052fc       0xe1 Obj_R2_MT9700_MTK/./monitor_ap/DRIVER/9700/drvMcu.o
                0x000052fc                _mcuSetSpiMode
 .text.mcuSetSystemSpeed
                0x000053dd      0x117 Obj_R2_MT9700_MTK/./monitor_ap/DRIVER/9700/drvMcu.o
                0x000053dd                _mcuSetSystemSpeed
 .text.mStar_SetupPathInit
                0x000054f4       0x53 Obj_R2_MT9700_MTK/./monitor_ap/DRIVER/9700/msScaler.o
                0x000054f4                _mStar_SetupPathInit
 .text.msMRWDataFormat
                0x00005547       0xf9 Obj_R2_MT9700_MTK/./monitor_ap/DRIVER/9700/msScaler.o
 .text.msHSPDataFormat
                0x00005640       0x6c Obj_R2_MT9700_MTK/./monitor_ap/DRIVER/9700/msScaler.o
 .text.mStar_SetHScalingFilter
                0x000056ac       0x6f Obj_R2_MT9700_MTK/./monitor_ap/DRIVER/9700/msScaler.o
 .text.mStar_SetVScalingFilter
                0x0000571b      0x135 Obj_R2_MT9700_MTK/./monitor_ap/DRIVER/9700/msScaler.o
 .text.msVSPDataFormat
                0x00005850       0xd5 Obj_R2_MT9700_MTK/./monitor_ap/DRIVER/9700/msScaler.o
 .text.mStar_SetScalingFilter
                0x00005925       0xb0 Obj_R2_MT9700_MTK/./monitor_ap/DRIVER/9700/msScaler.o
                0x00005925                _mStar_SetScalingFilter
 .text.msSetupPathVSP
                0x000059d5      0x2e9 Obj_R2_MT9700_MTK/./monitor_ap/DRIVER/9700/msScaler.o
 .text.msSetupPathRSP
                0x00005cbe       0x37 Obj_R2_MT9700_MTK/./monitor_ap/DRIVER/9700/msScaler.o
 .text.msSetupPathMRW
                0x00005cf5      0x652 Obj_R2_MT9700_MTK/./monitor_ap/DRIVER/9700/msScaler.o
 .text.mStar_SetScalingFactor
                0x00006347      0x3c0 Obj_R2_MT9700_MTK/./monitor_ap/DRIVER/9700/msScaler.o
                0x00006347                _mStar_SetScalingFactor
 .text.mStar_SetupPath
                0x00006707     0x1178 Obj_R2_MT9700_MTK/./monitor_ap/DRIVER/9700/msScaler.o
                0x00006707                _mStar_SetupPath
 .text.mStar_DrvOutputHttAlign
                0x0000787f       0x6d Obj_R2_MT9700_MTK/./monitor_ap/DRIVER/9700/appmStar.o
                0x0000787f                _mStar_DrvOutputHttAlign
 .text.appmStar_CbAttach
                0x000078ec       0x12 Obj_R2_MT9700_MTK/./monitor_ap/DRIVER/9700/appmStar.o
                0x000078ec                _appmStar_CbAttach
 .text.appmStar_CbGetInitFlag
                0x000078fe        0xa Obj_R2_MT9700_MTK/./monitor_ap/DRIVER/9700/appmStar.o
                0x000078fe                _appmStar_CbGetInitFlag
 .text.appmStar_CbSetInitFlag
                0x00007908        0xa Obj_R2_MT9700_MTK/./monitor_ap/DRIVER/9700/appmStar.o
                0x00007908                _appmStar_CbSetInitFlag
 .text.mSTar_GetInputHTotal
                0x00007912       0x59 Obj_R2_MT9700_MTK/./monitor_ap/DRIVER/9700/appmStar.o
                0x00007912                _mSTar_GetInputHTotal
 .text.mStar_GetOutputHTotalTolFBL
                0x0000796b      0x15e Obj_R2_MT9700_MTK/./monitor_ap/DRIVER/9700/appmStar.o
                0x0000796b                _mStar_GetOutputHTotalTolFBL
 .text.appmStar_SetPanelTiming
                0x00007ac9      0xb9f Obj_R2_MT9700_MTK/./monitor_ap/DRIVER/9700/appmStar.o
                0x00007ac9                _appmStar_SetPanelTiming
 .text.GetVfreq
                0x00008668       0xb9 Obj_R2_MT9700_MTK/./monitor_ap/DRIVER/9700/drvmStar.o
                0x00008668                _GetVfreq
 .text.msDrvMapInputToCombo
                0x00008721       0x1a Obj_R2_MT9700_MTK/./monitor_ap/DRIVER/9700/drvmStar.o
                0x00008721                _msDrvMapInputToCombo
 .text.msDrvMapComboToPortIndex
                0x0000873b       0x1c Obj_R2_MT9700_MTK/./monitor_ap/DRIVER/9700/drvmStar.o
                0x0000873b                _msDrvMapComboToPortIndex
 .text.APPInputHdcpKeyCheckErased
                0x00008757       0xc2 Obj_R2_MT9700_MTK/./monitor_ap/DRIVER/9700/drvmStar.o
                0x00008757                _APPInputHdcpKeyCheckErased
 .text.APPInputHdcpKeyCompare
                0x00008819       0x6b Obj_R2_MT9700_MTK/./monitor_ap/DRIVER/9700/drvmStar.o
                0x00008819                _APPInputHdcpKeyCompare
 .text.APPInputHdcpKeyErase
                0x00008884       0x47 Obj_R2_MT9700_MTK/./monitor_ap/DRIVER/9700/drvmStar.o
                0x00008884                _APPInputHdcpKeyErase
 .text.APPInputHdcpKeyRead
                0x000088cb       0xbe Obj_R2_MT9700_MTK/./monitor_ap/DRIVER/9700/drvmStar.o
                0x000088cb                _APPInputHdcpKeyRead
 .text.APPInputHdcpKeyWrite
                0x00008989       0xae Obj_R2_MT9700_MTK/./monitor_ap/DRIVER/9700/drvmStar.o
                0x00008989                _APPInputHdcpKeyWrite
 .text.APPInputHdcpKeyCheckValid
                0x00008a37       0x3d Obj_R2_MT9700_MTK/./monitor_ap/DRIVER/9700/drvmStar.o
                0x00008a37                _APPInputHdcpKeyCheckValid
 .text.APPInputHdcpKeySetValid
                0x00008a74       0x7c Obj_R2_MT9700_MTK/./monitor_ap/DRIVER/9700/drvmStar.o
                0x00008a74                _APPInputHdcpKeySetValid
 .text.APPInput_HdcpKeyProcess
                0x00008af0       0xf5 Obj_R2_MT9700_MTK/./monitor_ap/DRIVER/9700/drvmStar.o
                0x00008af0                _APPInput_HdcpKeyProcess
 .text.msDrvMODSwingConfig
                0x00008be5       0x30 Obj_R2_MT9700_MTK/./monitor_ap/DRIVER/9700/drvmStar.o
                0x00008be5                _msDrvMODSwingConfig
 .text.msDrvCheckVBY1LockN
                0x00008c15      0x120 Obj_R2_MT9700_MTK/./monitor_ap/DRIVER/9700/drvmStar.o
                0x00008c15                _msDrvCheckVBY1LockN
 .text.msInitClockGating
                0x00008d35      0x10b Obj_R2_MT9700_MTK/./monitor_ap/DRIVER/9700/drvmStar.o
                0x00008d35                _msInitClockGating
 .text.msSetFrameSyncMode
                0x00008e40      0x251 Obj_R2_MT9700_MTK/./monitor_ap/DRIVER/9700/drvmStar.o
                0x00008e40                _msSetFrameSyncMode
 .text.mStar_SetTimingGen
                0x00009091      0x37c Obj_R2_MT9700_MTK/./monitor_ap/DRIVER/9700/drvmStar.o
                0x00009091                _mStar_SetTimingGen
 .text.msDrvMODsettingForDivision
                0x0000940d      0x176 Obj_R2_MT9700_MTK/./monitor_ap/DRIVER/9700/drvmStar.o
                0x0000940d                _msDrvMODsettingForDivision
 .text.msDrvPowerModCtrl
                0x00009583      0x1d2 Obj_R2_MT9700_MTK/./monitor_ap/DRIVER/9700/drvmStar.o
                0x00009583                _msDrvPowerModCtrl
 .text.msDrvSyninpllInit
                0x00009755       0x62 Obj_R2_MT9700_MTK/./monitor_ap/DRIVER/9700/drvmStar.o
                0x00009755                _msDrvSyninpllInit
 .text.mStar_CheckFastClock
                0x000097b7        0xc Obj_R2_MT9700_MTK/./monitor_ap/DRIVER/9700/drvmStar.o
                0x000097b7                _mStar_CheckFastClock
 .text.msWritePowerOnTble
                0x000097c3       0x35 Obj_R2_MT9700_MTK/./monitor_ap/DRIVER/9700/drvmStar.o
                0x000097c3                _msWritePowerOnTble
 .text.drvmStar_SetupInputPort_VGA
                0x000097f8       0x22 Obj_R2_MT9700_MTK/./monitor_ap/DRIVER/9700/drvmStar.o
                0x000097f8                _drvmStar_SetupInputPort_VGA
 .text.msDrvSetIVS
                0x0000981a       0x73 Obj_R2_MT9700_MTK/./monitor_ap/DRIVER/9700/drvmStar.o
                0x0000981a                _msDrvSetIVS
 .text.msDrvSetFrameDivider
                0x0000988d      0x114 Obj_R2_MT9700_MTK/./monitor_ap/DRIVER/9700/drvmStar.o
                0x0000988d                _msDrvSetFrameDivider
 .text.msDrvOutputAutoHttAlign
                0x000099a1       0x63 Obj_R2_MT9700_MTK/./monitor_ap/DRIVER/9700/drvmStar.o
                0x000099a1                _msDrvOutputAutoHttAlign
 .text.drvmStar_TimingGenInit
                0x00009a04      0x1e7 Obj_R2_MT9700_MTK/./monitor_ap/DRIVER/9700/drvmStar.o
                0x00009a04                _drvmStar_TimingGenInit
 .text.msDrvMODBiasConCal
                0x00009beb      0x1d1 Obj_R2_MT9700_MTK/./monitor_ap/DRIVER/9700/drvmStar.o
                0x00009beb                _msDrvMODBiasConCal
 .text.msDrvSetDClkPLL
                0x00009dbc      0x67c Obj_R2_MT9700_MTK/./monitor_ap/DRIVER/9700/drvmStar.o
                0x00009dbc                _msDrvSetDClkPLL
 .text.drvmStar_SetupFreeRunMode
                0x0000a438       0xa6 Obj_R2_MT9700_MTK/./monitor_ap/DRIVER/9700/drvmStar.o
                0x0000a438                _drvmStar_SetupFreeRunMode
 .text.msDrvIGenTuning
                0x0000a4de      0x19d Obj_R2_MT9700_MTK/./monitor_ap/DRIVER/9700/drvmStar.o
                0x0000a4de                _msDrvIGenTuning
 .text.msDrvMODInit
                0x0000a67b      0x328 Obj_R2_MT9700_MTK/./monitor_ap/DRIVER/9700/drvmStar.o
                0x0000a67b                _msDrvMODInit
 .text.Init_USBXCVRRefTrim
                0x0000a9a3       0x5e Obj_R2_MT9700_MTK/./monitor_ap/DRIVER/9700/drvmStar.o
                0x0000a9a3                _Init_USBXCVRRefTrim
 .text.drvDVI_PowerCtrl
                0x0000aa01       0xf9 Obj_R2_MT9700_MTK/./monitor_ap/DRIVER/9700/drvmStar.o
                0x0000aa01                _drvDVI_PowerCtrl
 .text.mStar_IPPowerControl
                0x0000aafa       0x46 Obj_R2_MT9700_MTK/./monitor_ap/DRIVER/9700/drvmStar.o
                0x0000aafa                _mStar_IPPowerControl
 .text.mStar_SetPanelSSC
                0x0000ab40      0x1a3 Obj_R2_MT9700_MTK/./monitor_ap/DRIVER/9700/drvmStar.o
                0x0000ab40                _mStar_SetPanelSSC
 .text.mStar_InterlaceModeSetting
                0x0000ace3      0x2a8 Obj_R2_MT9700_MTK/./monitor_ap/DRIVER/9700/drvmStar.o
                0x0000ace3                _mStar_InterlaceModeSetting
 .text.drvmStar_Init
                0x0000af8b       0xb6 Obj_R2_MT9700_MTK/./monitor_ap/DRIVER/9700/drvmStar.o
                0x0000af8b                _drvmStar_Init
 .text.drvmStar_PnlTimingSet
                0x0000b041       0x53 Obj_R2_MT9700_MTK/./monitor_ap/DRIVER/9700/drvmStar.o
                0x0000b041                _drvmStar_PnlTimingSet
 .text.drvmStar_InitPnl
                0x0000b094      0x11f Obj_R2_MT9700_MTK/./monitor_ap/DRIVER/9700/drvmStar.o
                0x0000b094                _drvmStar_InitPnl
 .text.Init_FRORefTrim
                0x0000b1b3       0x6e Obj_R2_MT9700_MTK/./monitor_ap/DRIVER/9700/drvmStar.o
                0x0000b1b3                _Init_FRORefTrim
 .text.drvmsOverDriveAdjustWeighting
                0x0000b221       0x10 Obj_R2_MT9700_MTK/./monitor_ap/DRIVER/9700/drvmsOVD.o
                0x0000b221                _drvmsOverDriveAdjustWeighting
 .text.drvmsOverDriveWindow
                0x0000b231      0x13d Obj_R2_MT9700_MTK/./monitor_ap/DRIVER/9700/drvmsOVD.o
                0x0000b231                _drvmsOverDriveWindow
 .text.drvmsOverDriveOnOff
                0x0000b36e       0x1f Obj_R2_MT9700_MTK/./monitor_ap/DRIVER/9700/drvmsOVD.o
                0x0000b36e                _drvmsOverDriveOnOff
 .text.msDrvOverDriveMode
                0x0000b38d      0x2e6 Obj_R2_MT9700_MTK/./monitor_ap/DRIVER/9700/drvmsOVD.o
                0x0000b38d                _msDrvOverDriveMode
 .text.drvmsOverDriverInit
                0x0000b673       0x34 Obj_R2_MT9700_MTK/./monitor_ap/DRIVER/9700/drvmsOVD.o
                0x0000b673                _drvmsOverDriverInit
 .text.drvmsLoadODTable
                0x0000b6a7      0x1d6 Obj_R2_MT9700_MTK/./monitor_ap/DRIVER/9700/drvmsOVD.o
                0x0000b6a7                _drvmsLoadODTable
 .text.msAPI_AudioInitDone
                0x0000b87d        0xa Obj_R2_MT9700_MTK/./monitor_ap/DRIVER/9700/drvDAC.o
                0x0000b87d                _msAPI_AudioInitDone
 .text.msAPI_AudioI2SConfig
                0x0000b887       0x43 Obj_R2_MT9700_MTK/./monitor_ap/DRIVER/9700/drvDAC.o
                0x0000b887                _msAPI_AudioI2SConfig
 .text.msDrvAudioSetDpgaMute
                0x0000b8ca       0x66 Obj_R2_MT9700_MTK/./monitor_ap/DRIVER/9700/drvDAC.o
                0x0000b8ca                _msDrvAudioSetDpgaMute
 .text.msDrvDPGAMuteConfig
                0x0000b930        0xe Obj_R2_MT9700_MTK/./monitor_ap/DRIVER/9700/drvDAC.o
 .text.msAPI_AudioSetDpgaMute
                0x0000b93e       0x26 Obj_R2_MT9700_MTK/./monitor_ap/DRIVER/9700/drvDAC.o
                0x0000b93e                _msAPI_AudioSetDpgaMute
 .text.msAPI_AudioSineGen
                0x0000b964      0x13e Obj_R2_MT9700_MTK/./monitor_ap/DRIVER/9700/drvDAC.o
                0x0000b964                _msAPI_AudioSineGen
 .text.msDrvAudioSourceSel
                0x0000baa2       0x70 Obj_R2_MT9700_MTK/./monitor_ap/DRIVER/9700/drvDAC.o
                0x0000baa2                _msDrvAudioSourceSel
 .text.msAPI_AudioSourceSel
                0x0000bb12       0x46 Obj_R2_MT9700_MTK/./monitor_ap/DRIVER/9700/drvDAC.o
                0x0000bb12                _msAPI_AudioSourceSel
 .text.msDrvAudioDPGASetVolTrig
                0x0000bb58       0x3a Obj_R2_MT9700_MTK/./monitor_ap/DRIVER/9700/drvDAC.o
 .text.msAPI_AudioSetVolume
                0x0000bb92      0x108 Obj_R2_MT9700_MTK/./monitor_ap/DRIVER/9700/drvDAC.o
                0x0000bb92                _msAPI_AudioSetVolume
 .text.msAPI_AudioSpdifMute
                0x0000bc9a       0x2e Obj_R2_MT9700_MTK/./monitor_ap/DRIVER/9700/drvDAC.o
                0x0000bc9a                _msAPI_AudioSpdifMute
 .text.msDrvAudioTblProc
                0x0000bcc8      0x123 Obj_R2_MT9700_MTK/./monitor_ap/DRIVER/9700/drvDAC.o
 .text.msAPI_AudioHandler
                0x0000bdeb        0x4 Obj_R2_MT9700_MTK/./monitor_ap/DRIVER/9700/drvDAC.o
                0x0000bdeb                _msAPI_AudioHandler
 .text.msDrvAudioTblLoad
                0x0000bdef       0x24 Obj_R2_MT9700_MTK/./monitor_ap/DRIVER/9700/drvDAC.o
 .text.msDrvAudioPadSetting
                0x0000be13        0xc Obj_R2_MT9700_MTK/./monitor_ap/DRIVER/9700/drvDAC.o
 .text.msAPI_AudioDACPowerDown
                0x0000be1f       0x40 Obj_R2_MT9700_MTK/./monitor_ap/DRIVER/9700/drvDAC.o
                0x0000be1f                _msAPI_AudioDACPowerDown
 .text.msAPI_AudioInit
                0x0000be5f       0x52 Obj_R2_MT9700_MTK/./monitor_ap/DRIVER/9700/drvDAC.o
                0x0000be5f                _msAPI_AudioInit
 .text.drvGammaOnOff
                0x0000beb1       0x56 Obj_R2_MT9700_MTK/./monitor_ap/DRIVER/9700/drvGamma.o
                0x0000beb1                _drvGammaOnOff
 .text.drvGammaLoadTbl
                0x0000bf07       0x42 Obj_R2_MT9700_MTK/./monitor_ap/DRIVER/9700/drvGamma.o
                0x0000bf07                _drvGammaLoadTbl
 .text.IMI_WriteByte
                0x0000bf49        0xb Obj_R2_MT9700_MTK/./monitor_ap/DRIVER/9700/drvIMI.o
                0x0000bf49                _IMI_WriteByte
 .text.IMI_Write2Bytes
                0x0000bf54       0x16 Obj_R2_MT9700_MTK/./monitor_ap/DRIVER/9700/drvIMI.o
                0x0000bf54                _IMI_Write2Bytes
 .text.IMI_ReadByte
                0x0000bf6a        0xe Obj_R2_MT9700_MTK/./monitor_ap/DRIVER/9700/drvIMI.o
                0x0000bf6a                _IMI_ReadByte
 .text.IMI_WriteBytes
                0x0000bf78       0x1e Obj_R2_MT9700_MTK/./monitor_ap/DRIVER/9700/drvIMI.o
                0x0000bf78                _IMI_WriteBytes
 .text.IMI_Init
                0x0000bf96       0x46 Obj_R2_MT9700_MTK/./monitor_ap/DRIVER/9700/drvIMI.o
                0x0000bf96                _IMI_Init
 .text.IMI_ReadBytes
                0x0000bfdc       0x1e Obj_R2_MT9700_MTK/./monitor_ap/DRIVER/9700/drvIMI.o
                0x0000bfdc                _IMI_ReadBytes
 .text.IMI_GetIMIRegs
                0x0000bffa        0x8 Obj_R2_MT9700_MTK/./monitor_ap/DRIVER/9700/drvIMI.o
                0x0000bffa                _IMI_GetIMIRegs
 .text.mdrv_DeltaE_Memory_Init
                0x0000c002       0x12 Obj_R2_MT9700_MTK/./monitor_ap/DRIVER/9700/drvDeltaE.o
                0x0000c002                _mdrv_DeltaE_Memory_Init
 .text.mdrv_DeltaE_FlashWriteProtect_Set
                0x0000c014        0xa Obj_R2_MT9700_MTK/./monitor_ap/DRIVER/9700/drvDeltaE.o
                0x0000c014                _mdrv_DeltaE_FlashWriteProtect_Set
 .text.IsAutoColorCommand
                0x0000c01e       0x27 Obj_R2_MT9700_MTK/./monitor_ap/DRIVER/9700/drvDeltaE.o
                0x0000c01e                _IsAutoColorCommand
 .text.getCRCU8
                0x0000c045       0x3b Obj_R2_MT9700_MTK/./monitor_ap/DRIVER/9700/drvDeltaE.o
                0x0000c045                _getCRCU8
 .text.getCRCU16
                0x0000c080       0x24 Obj_R2_MT9700_MTK/./monitor_ap/DRIVER/9700/drvDeltaE.o
                0x0000c080                _getCRCU16
 .text.GetCRCCheckSum
                0x0000c0a4       0x3e Obj_R2_MT9700_MTK/./monitor_ap/DRIVER/9700/drvDeltaE.o
                0x0000c0a4                _GetCRCCheckSum
 .text.DDCcmd_CRCU16CheckSum_Get
                0x0000c0e2       0x7a Obj_R2_MT9700_MTK/./monitor_ap/DRIVER/9700/drvDeltaE.o
                0x0000c0e2                _DDCcmd_CRCU16CheckSum_Get
 .text.IsStructEmpty
                0x0000c15c       0x38 Obj_R2_MT9700_MTK/./monitor_ap/DRIVER/9700/drvDeltaE.o
                0x0000c15c                _IsStructEmpty
 .text.msSetPostGammaData
                0x0000c194       0x1f Obj_R2_MT9700_MTK/./monitor_ap/DRIVER/9700/drvDeltaE.o
                0x0000c194                _msSetPostGammaData
 .text.GetAddrOfColorModePostGamma
                0x0000c1b3       0x15 Obj_R2_MT9700_MTK/./monitor_ap/DRIVER/9700/drvDeltaE.o
                0x0000c1b3                _GetAddrOfColorModePostGamma
 .text.GetAddrOfColorModeMatrix
                0x0000c1c8       0x19 Obj_R2_MT9700_MTK/./monitor_ap/DRIVER/9700/drvDeltaE.o
                0x0000c1c8                _GetAddrOfColorModeMatrix
 .text.msSetColorMatrixData
                0x0000c1e1       0x1f Obj_R2_MT9700_MTK/./monitor_ap/DRIVER/9700/drvDeltaE.o
                0x0000c1e1                _msSetColorMatrixData
 .text.msColorModeConfiguration
                0x0000c200       0x55 Obj_R2_MT9700_MTK/./monitor_ap/DRIVER/9700/drvDeltaE.o
                0x0000c200                _msColorModeConfiguration
 .text.GetAddrOfPostGamma
                0x0000c255       0x11 Obj_R2_MT9700_MTK/./monitor_ap/DRIVER/9700/drvDeltaE.o
                0x0000c255                _GetAddrOfPostGamma
 .text.GetAddrOfColorTempRGBGain
                0x0000c266       0x18 Obj_R2_MT9700_MTK/./monitor_ap/DRIVER/9700/drvDeltaE.o
                0x0000c266                _GetAddrOfColorTempRGBGain
 .text.msSetColorTempData
                0x0000c27e       0x21 Obj_R2_MT9700_MTK/./monitor_ap/DRIVER/9700/drvDeltaE.o
                0x0000c27e                _msSetColorTempData
 .text._mdrv_DeltaE_RealVaue_Get
                0x0000c29f       0x64 Obj_R2_MT9700_MTK/./monitor_ap/DRIVER/9700/drvDeltaE.o
                0x0000c29f                __mdrv_DeltaE_RealVaue_Get
 .text._mdrv_DeltaE_RealRgbGain_Get
                0x0000c303       0x25 Obj_R2_MT9700_MTK/./monitor_ap/DRIVER/9700/drvDeltaE.o
                0x0000c303                __mdrv_DeltaE_RealRgbGain_Get
 .text.mdrv_DeltaE_RGBGain_Get
                0x0000c328       0x23 Obj_R2_MT9700_MTK/./monitor_ap/DRIVER/9700/drvDeltaE.o
                0x0000c328                _mdrv_DeltaE_RGBGain_Get
 .text.GetAddrOfAutoColorFunctionPostGamma
                0x0000c34b       0x31 Obj_R2_MT9700_MTK/./monitor_ap/DRIVER/9700/drvDeltaE.o
                0x0000c34b                _GetAddrOfAutoColorFunctionPostGamma
 .text.Memory_WriteTbl
                0x0000c37c       0x52 Obj_R2_MT9700_MTK/./monitor_ap/DRIVER/9700/drvDeltaE.o
                0x0000c37c                _Memory_WriteTbl
 .text.msSaveColorTempData
                0x0000c3ce       0x56 Obj_R2_MT9700_MTK/./monitor_ap/DRIVER/9700/drvDeltaE.o
                0x0000c3ce                _msSaveColorTempData
 .text.msSaveColorMatrixData
                0x0000c424       0x7c Obj_R2_MT9700_MTK/./monitor_ap/DRIVER/9700/drvDeltaE.o
                0x0000c424                _msSaveColorMatrixData
 .text.msSavePostGammaData
                0x0000c4a0       0x6a Obj_R2_MT9700_MTK/./monitor_ap/DRIVER/9700/drvDeltaE.o
                0x0000c4a0                _msSavePostGammaData
 .text.mdrv_DeltaE_FlashTblWriter_Set
                0x0000c50a       0x29 Obj_R2_MT9700_MTK/./monitor_ap/DRIVER/9700/drvDeltaE.o
                0x0000c50a                _mdrv_DeltaE_FlashTblWriter_Set
 .text.mdrv_DeltaE_FlashByteWriter_Set
                0x0000c533       0x29 Obj_R2_MT9700_MTK/./monitor_ap/DRIVER/9700/drvDeltaE.o
                0x0000c533                _mdrv_DeltaE_FlashByteWriter_Set
 .text.msSavePostGammaTable
                0x0000c55c       0xd8 Obj_R2_MT9700_MTK/./monitor_ap/DRIVER/9700/drvDeltaE.o
                0x0000c55c                _msSavePostGammaTable
 .text.ResetColorMatrixData
                0x0000c634       0x68 Obj_R2_MT9700_MTK/./monitor_ap/DRIVER/9700/drvDeltaE.o
                0x0000c634                _ResetColorMatrixData
 .text.ResetPostGammaData
                0x0000c69c       0x7c Obj_R2_MT9700_MTK/./monitor_ap/DRIVER/9700/drvDeltaE.o
                0x0000c69c                _ResetPostGammaData
 .text._mdrv_DeltaE_RGBGain_Adjust
                0x0000c718       0x6a Obj_R2_MT9700_MTK/./monitor_ap/DRIVER/9700/drvDeltaE.o
 .text.msSetPostRGBOffset
                0x0000c782      0x172 Obj_R2_MT9700_MTK/./monitor_ap/DRIVER/9700/drvDeltaE.o
                0x0000c782                _msSetPostRGBOffset
 .text.msSetPreRGBOffset
                0x0000c8f4      0x166 Obj_R2_MT9700_MTK/./monitor_ap/DRIVER/9700/drvDeltaE.o
                0x0000c8f4                _msSetPreRGBOffset
 .text.msSetPreRGBGain
                0x0000ca5a      0x166 Obj_R2_MT9700_MTK/./monitor_ap/DRIVER/9700/drvDeltaE.o
                0x0000ca5a                _msSetPreRGBGain
 .text.msSetPostRGBGain
                0x0000cbc0      0x172 Obj_R2_MT9700_MTK/./monitor_ap/DRIVER/9700/drvDeltaE.o
                0x0000cbc0                _msSetPostRGBGain
 .text.msByPassGainOffset
                0x0000cd32       0x58 Obj_R2_MT9700_MTK/./monitor_ap/DRIVER/9700/drvDeltaE.o
                0x0000cd32                _msByPassGainOffset
 .text.msRecoverColorEngine
                0x0000cd8a       0x38 Obj_R2_MT9700_MTK/./monitor_ap/DRIVER/9700/drvDeltaE.o
                0x0000cd8a                _msRecoverColorEngine
 .text.msSetColorEngine
                0x0000cdc2       0x38 Obj_R2_MT9700_MTK/./monitor_ap/DRIVER/9700/drvDeltaE.o
                0x0000cdc2                _msSetColorEngine
 .text.msSetColorModeEngine
                0x0000cdfa       0x77 Obj_R2_MT9700_MTK/./monitor_ap/DRIVER/9700/drvDeltaE.o
                0x0000cdfa                _msSetColorModeEngine
 .text.msSetHDRColorEngineTestPattern
                0x0000ce71       0xa1 Obj_R2_MT9700_MTK/./monitor_ap/DRIVER/9700/drvDeltaE.o
                0x0000ce71                _msSetHDRColorEngineTestPattern
 .text.msSetColorEngineTestPattern
                0x0000cf12       0x80 Obj_R2_MT9700_MTK/./monitor_ap/DRIVER/9700/drvDeltaE.o
                0x0000cf12                _msSetColorEngineTestPattern
 .text.msSetTestPattern
                0x0000cf92       0xfc Obj_R2_MT9700_MTK/./monitor_ap/DRIVER/9700/drvDeltaE.o
                0x0000cf92                _msSetTestPattern
 .text.Memory_ReadTbl
                0x0000d08e       0x14 Obj_R2_MT9700_MTK/./monitor_ap/DRIVER/9700/drvDeltaE.o
                0x0000d08e                _Memory_ReadTbl
 .text.msLoadColorTempMode
                0x0000d0a2      0x10c Obj_R2_MT9700_MTK/./monitor_ap/DRIVER/9700/drvDeltaE.o
                0x0000d0a2                _msLoadColorTempMode
 .text.msLoadPostGammaData
                0x0000d1ae      0x143 Obj_R2_MT9700_MTK/./monitor_ap/DRIVER/9700/drvDeltaE.o
                0x0000d1ae                _msLoadPostGammaData
 .text.msReloadGammaData
                0x0000d2f1       0x51 Obj_R2_MT9700_MTK/./monitor_ap/DRIVER/9700/drvDeltaE.o
                0x0000d2f1                _msReloadGammaData
 .text.msSetGammaCurve
                0x0000d342       0x6f Obj_R2_MT9700_MTK/./monitor_ap/DRIVER/9700/drvDeltaE.o
                0x0000d342                _msSetGammaCurve
 .text.Memory_ReadWord
                0x0000d3b1       0x56 Obj_R2_MT9700_MTK/./monitor_ap/DRIVER/9700/drvDeltaE.o
                0x0000d3b1                _Memory_ReadWord
 .text._EEPROMPostGammaCheckSum_Get
                0x0000d407       0x5f Obj_R2_MT9700_MTK/./monitor_ap/DRIVER/9700/drvDeltaE.o
                0x0000d407                __EEPROMPostGammaCheckSum_Get
 .text._EEPROMColorTempCheckSum_Get
                0x0000d466       0x63 Obj_R2_MT9700_MTK/./monitor_ap/DRIVER/9700/drvDeltaE.o
                0x0000d466                __EEPROMColorTempCheckSum_Get
 .text._EEPROMColorModeMatrixCheckSum_Get
                0x0000d4c9       0x5e Obj_R2_MT9700_MTK/./monitor_ap/DRIVER/9700/drvDeltaE.o
                0x0000d4c9                __EEPROMColorModeMatrixCheckSum_Get
 .text.Memory_ReadByte
                0x0000d527       0x30 Obj_R2_MT9700_MTK/./monitor_ap/DRIVER/9700/drvDeltaE.o
                0x0000d527                _Memory_ReadByte
 .text.msGetAddrOfNewColorMode
                0x0000d557       0xfb Obj_R2_MT9700_MTK/./monitor_ap/DRIVER/9700/drvDeltaE.o
                0x0000d557                _msGetAddrOfNewColorMode
 .text.msLoadColorMatrixData
                0x0000d652      0x134 Obj_R2_MT9700_MTK/./monitor_ap/DRIVER/9700/drvDeltaE.o
                0x0000d652                _msLoadColorMatrixData
 .text.msNewLoadColorMode
                0x0000d786      0x23b Obj_R2_MT9700_MTK/./monitor_ap/DRIVER/9700/drvDeltaE.o
                0x0000d786                _msNewLoadColorMode
 .text.IDXLoadDeltaEColorMode
                0x0000d9c1      0x114 Obj_R2_MT9700_MTK/./monitor_ap/DRIVER/9700/drvDeltaE.o
                0x0000d9c1                _IDXLoadDeltaEColorMode
 .text.AutoColorCalibrationHandler
                0x0000dad5      0x822 Obj_R2_MT9700_MTK/./monitor_ap/DRIVER/9700/drvDeltaE.o
                0x0000dad5                _AutoColorCalibrationHandler
 .text.IDXLoadGammaCurveMode
                0x0000e2f7       0xbc Obj_R2_MT9700_MTK/./monitor_ap/DRIVER/9700/drvDeltaE.o
                0x0000e2f7                _IDXLoadGammaCurveMode
 .text.DDC2Bi_FIFOMODE_READ_CUR
                0x0000e3b3       0x2d Obj_R2_MT9700_MTK/./monitor_ap/DRIVER/drvDDC2Bi.o
                0x0000e3b3                _DDC2Bi_FIFOMODE_READ_CUR
 .text.DDC2Bi_FIFOMODE_READ_START
                0x0000e3e0       0x2d Obj_R2_MT9700_MTK/./monitor_ap/DRIVER/drvDDC2Bi.o
                0x0000e3e0                _DDC2Bi_FIFOMODE_READ_START
 .text.DDC2Bi_FIFOMODE_XDATA_ADDR_OFFSET
                0x0000e40d       0x28 Obj_R2_MT9700_MTK/./monitor_ap/DRIVER/drvDDC2Bi.o
                0x0000e40d                _DDC2Bi_FIFOMODE_XDATA_ADDR_OFFSET
 .text.DDC2Bi_FIFOMODE_SET_RW_DONE
                0x0000e435       0x37 Obj_R2_MT9700_MTK/./monitor_ap/DRIVER/drvDDC2Bi.o
                0x0000e435                _DDC2Bi_FIFOMODE_SET_RW_DONE
 .text.DDC2Bi_FIFOMODE_CLR_EMPTYFULL_FLAG
                0x0000e46c       0x37 Obj_R2_MT9700_MTK/./monitor_ap/DRIVER/drvDDC2Bi.o
                0x0000e46c                _DDC2Bi_FIFOMODE_CLR_EMPTYFULL_FLAG
 .text.DDC2Bi_FIFOMODE_READ_FULL_FLAG
                0x0000e4a3       0x2d Obj_R2_MT9700_MTK/./monitor_ap/DRIVER/drvDDC2Bi.o
                0x0000e4a3                _DDC2Bi_FIFOMODE_READ_FULL_FLAG
 .text.DDC2Bi_FIFOMODE_READ_EMPTY_FLAG
                0x0000e4d0       0x33 Obj_R2_MT9700_MTK/./monitor_ap/DRIVER/drvDDC2Bi.o
                0x0000e4d0                _DDC2Bi_FIFOMODE_READ_EMPTY_FLAG
 .text.DDC2Bi_FIFOMODE_READ_HW_CHKSUM_FLAG
                0x0000e503       0x30 Obj_R2_MT9700_MTK/./monitor_ap/DRIVER/drvDDC2Bi.o
                0x0000e503                _DDC2Bi_FIFOMODE_READ_HW_CHKSUM_FLAG
 .text.DDC2Bi_CLR_INT
                0x0000e533       0x37 Obj_R2_MT9700_MTK/./monitor_ap/DRIVER/drvDDC2Bi.o
                0x0000e533                _DDC2Bi_CLR_INT
 .text.DDC2Bi_SET_RBUF
                0x0000e56a       0x23 Obj_R2_MT9700_MTK/./monitor_ap/DRIVER/drvDDC2Bi.o
                0x0000e56a                _DDC2Bi_SET_RBUF
 .text.DDC2Bi_SET_WP_READY
                0x0000e58d       0x37 Obj_R2_MT9700_MTK/./monitor_ap/DRIVER/drvDDC2Bi.o
                0x0000e58d                _DDC2Bi_SET_WP_READY
 .text.DDC2Bi_Read_INT
                0x0000e5c4       0x2d Obj_R2_MT9700_MTK/./monitor_ap/DRIVER/drvDDC2Bi.o
                0x0000e5c4                _DDC2Bi_Read_INT
 .text.DDC2Bi_Read_WBUF
                0x0000e5f1       0x2d Obj_R2_MT9700_MTK/./monitor_ap/DRIVER/drvDDC2Bi.o
                0x0000e5f1                _DDC2Bi_Read_WBUF
 .text.DDC2Bi_Delay
                0x0000e61e       0x43 Obj_R2_MT9700_MTK/./monitor_ap/DRIVER/drvDDC2Bi.o
 .text.msDrvReadInternalEDID
                0x0000e661      0x136 Obj_R2_MT9700_MTK/./monitor_ap/DRIVER/drvDDC2Bi.o
                0x0000e661                _msDrvReadInternalEDID
 .text.msDrvWriteInternalEDID
                0x0000e797      0x140 Obj_R2_MT9700_MTK/./monitor_ap/DRIVER/drvDDC2Bi.o
                0x0000e797                _msDrvWriteInternalEDID
 .text.drvDDC2Bi_ParseCommand
                0x0000e8d7       0xaf Obj_R2_MT9700_MTK/./monitor_ap/DRIVER/drvDDC2Bi.o
                0x0000e8d7                _drvDDC2Bi_ParseCommand
 .text.drvDDC2Bi_MessageReady
                0x0000e986      0x114 Obj_R2_MT9700_MTK/./monitor_ap/DRIVER/drvDDC2Bi.o
                0x0000e986                _drvDDC2Bi_MessageReady
 .text.drvDDC2Bi_Init
                0x0000ea9a      0x1e7 Obj_R2_MT9700_MTK/./monitor_ap/DRIVER/drvDDC2Bi.o
                0x0000ea9a                _drvDDC2Bi_Init
 .text.D2B_FIFOMODE_DDCPORT2INPUT
                0x0000ec81       0x1a Obj_R2_MT9700_MTK/./monitor_ap/DRIVER/drvDDC2Bi.o
                0x0000ec81                _D2B_FIFOMODE_DDCPORT2INPUT
 .text.drvDoDDCCI
                0x0000ec9b      0x56a Obj_R2_MT9700_MTK/./monitor_ap/DRIVER/drvDDC2Bi.o
                0x0000ec9b                _drvDoDDCCI
 .text.crc32    0x0000f205       0x2d Obj_R2_MT9700_MTK/./monitor_ap/DRIVER/drvBDMA.o
                0x0000f205                _crc32
 .text.BDMA_Operation
                0x0000f232      0x30b Obj_R2_MT9700_MTK/./monitor_ap/DRIVER/drvBDMA.o
                0x0000f232                _BDMA_Operation
 .text.OTGH_PT_Bulk_Init
                0x0000f53d      0x18d Obj_R2_MT9700_MTK/./monitor_ap/DRIVER/USB_Host/source/usb_host_p1/drvHost200.o
                0x0000f53d                _OTGH_PT_Bulk_Init
 .text.MassStorage_Init
                0x0000f6ca       0x52 Obj_R2_MT9700_MTK/./monitor_ap/DRIVER/USB_Host/source/usb_host_p1/drvHost200.o
                0x0000f6ca                _MassStorage_Init
 .text.drvUSBHost_TurnOffPowerDownMode
                0x0000f71c        0x2 Obj_R2_MT9700_MTK/./monitor_ap/DRIVER/USB_Host/source/usb_host_p1/drvUsbHostLib.o
                0x0000f71c                _drvUSBHost_TurnOffPowerDownMode
 .text.drvUSBHost_TurnOnPowerDownMode
                0x0000f71e        0x2 Obj_R2_MT9700_MTK/./monitor_ap/DRIVER/USB_Host/source/usb_host_p1/drvUsbHostLib.o
                0x0000f71e                _drvUSBHost_TurnOnPowerDownMode
 .text.drvUSBHost_isPowerSaveModeEnable
                0x0000f720        0x4 Obj_R2_MT9700_MTK/./monitor_ap/DRIVER/USB_Host/source/usb_host_p1/drvUsbHostLib.o
                0x0000f720                _drvUSBHost_isPowerSaveModeEnable
 .text.XBYTE_READ
                0x0000f724       0x30 Obj_R2_MT9700_MTK/./monitor_ap/DRIVER/USB_Host/source/usb_host_p1/drvUsbHostLib.o
                0x0000f724                _XBYTE_READ
 .text.XBYTE_SET
                0x0000f754       0x5c Obj_R2_MT9700_MTK/./monitor_ap/DRIVER/USB_Host/source/usb_host_p1/drvUsbHostLib.o
                0x0000f754                _XBYTE_SET
 .text.XBYTE_AND
                0x0000f7b0       0x59 Obj_R2_MT9700_MTK/./monitor_ap/DRIVER/USB_Host/source/usb_host_p1/drvUsbHostLib.o
                0x0000f7b0                _XBYTE_AND
 .text.XBYTE_OR
                0x0000f809       0x58 Obj_R2_MT9700_MTK/./monitor_ap/DRIVER/USB_Host/source/usb_host_p1/drvUsbHostLib.o
                0x0000f809                _XBYTE_OR
 .text.flib_Host20_Close
                0x0000f861        0x4 Obj_R2_MT9700_MTK/./monitor_ap/DRIVER/USB_Host/source/usb_host_p1/drvHostLib.o
                0x0000f861                _flib_Host20_Close
 .text.flib_Host20_QHD_Control_Init
                0x0000f865       0x70 Obj_R2_MT9700_MTK/./monitor_ap/DRIVER/USB_Host/source/usb_host_p1/drvHostLib.o
                0x0000f865                _flib_Host20_QHD_Control_Init
 .text.flib_Host20_AnalysisConfigyration
                0x0000f8d5      0x128 Obj_R2_MT9700_MTK/./monitor_ap/DRIVER/USB_Host/source/usb_host_p1/drvHostLib.o
                0x0000f8d5                _flib_Host20_AnalysisConfigyration
 .text.flib_Host20_ReleaseStructure
                0x0000f9fd       0x7a Obj_R2_MT9700_MTK/./monitor_ap/DRIVER/USB_Host/source/usb_host_p1/drvHostLib.o
                0x0000f9fd                _flib_Host20_ReleaseStructure
 .text.flib_Host20_GetStructure
                0x0000fa77       0x97 Obj_R2_MT9700_MTK/./monitor_ap/DRIVER/USB_Host/source/usb_host_p1/drvHostLib.o
                0x0000fa77                _flib_Host20_GetStructure
 .text.flib_Host20_Allocate_QHD
                0x0000fb0e       0x99 Obj_R2_MT9700_MTK/./monitor_ap/DRIVER/USB_Host/source/usb_host_p1/drvHostLib.o
                0x0000fb0e                _flib_Host20_Allocate_QHD
 .text.flib_Host20_InitStructure
                0x0000fba7      0x222 Obj_R2_MT9700_MTK/./monitor_ap/DRIVER/USB_Host/source/usb_host_p1/drvHostLib.o
                0x0000fba7                _flib_Host20_InitStructure
 .text.USB_Write_REG32
                0x0000fdc9       0x4d Obj_R2_MT9700_MTK/./monitor_ap/DRIVER/USB_Host/source/usb_host_p1/drvHostLib.o
                0x0000fdc9                _USB_Write_REG32
 .text.mwHost20Port_wr
                0x0000fe16        0xa Obj_R2_MT9700_MTK/./monitor_ap/DRIVER/USB_Host/source/usb_host_p1/drvHostLib.o
                0x0000fe16                _mwHost20Port_wr
 .text.mwHost20Port
                0x0000fe20       0x13 Obj_R2_MT9700_MTK/./monitor_ap/DRIVER/USB_Host/source/usb_host_p1/drvHostLib.o
                0x0000fe20                _mwHost20Port
 .text.mwHost20Bit_Clr
                0x0000fe33       0x2d Obj_R2_MT9700_MTK/./monitor_ap/DRIVER/USB_Host/source/usb_host_p1/drvHostLib.o
                0x0000fe33                _mwHost20Bit_Clr
 .text.mwHost20Bit_Set
                0x0000fe60       0x2a Obj_R2_MT9700_MTK/./monitor_ap/DRIVER/USB_Host/source/usb_host_p1/drvHostLib.o
                0x0000fe60                _mwHost20Bit_Set
 .text.flib_Host20_CheckingForResult_QHD
                0x0000fe8a      0x127 Obj_R2_MT9700_MTK/./monitor_ap/DRIVER/USB_Host/source/usb_host_p1/drvHostLib.o
                0x0000fe8a                _flib_Host20_CheckingForResult_QHD
 .text.mwHost20Bit_Rd
                0x0000ffb1       0x1b Obj_R2_MT9700_MTK/./monitor_ap/DRIVER/USB_Host/source/usb_host_p1/drvHostLib.o
                0x0000ffb1                _mwHost20Bit_Rd
 .text.flib_Host20_Send_qTD
                0x0000ffcc      0x274 Obj_R2_MT9700_MTK/./monitor_ap/DRIVER/USB_Host/source/usb_host_p1/drvHostLib.o
                0x0000ffcc                _flib_Host20_Send_qTD
 .text.flib_Host20_Issue_Bulk
                0x00010240      0x296 Obj_R2_MT9700_MTK/./monitor_ap/DRIVER/USB_Host/source/usb_host_p1/drvHostLib.o
                0x00010240                _flib_Host20_Issue_Bulk
 .text.flib_Host20_Issue_Control
                0x000104d6      0x2d5 Obj_R2_MT9700_MTK/./monitor_ap/DRIVER/USB_Host/source/usb_host_p1/drvHostLib.o
                0x000104d6                _flib_Host20_Issue_Control
 .text.USB_Hub_Handle
                0x000107ab      0x25f Obj_R2_MT9700_MTK/./monitor_ap/DRIVER/USB_Host/source/usb_host_p1/drvHostLib.o
                0x000107ab                _USB_Hub_Handle
 .text.Usb_Hub_Port_Num
                0x00010a0a      0x15f Obj_R2_MT9700_MTK/./monitor_ap/DRIVER/USB_Host/source/usb_host_p1/drvHostLib.o
                0x00010a0a                _Usb_Hub_Port_Num
 .text.flib_Host20_Issue_Control_CBI
                0x00010b69      0x13d Obj_R2_MT9700_MTK/./monitor_ap/DRIVER/USB_Host/source/usb_host_p1/drvHostLib.o
                0x00010b69                _flib_Host20_Issue_Control_CBI
 .text.flib_Host20_StopRun_Setting
                0x00010ca6       0x5a Obj_R2_MT9700_MTK/./monitor_ap/DRIVER/USB_Host/source/usb_host_p1/drvHostLib.o
                0x00010ca6                _flib_Host20_StopRun_Setting
 .text.flib_Host20_PortBusReset
                0x00010d00      0x2e4 Obj_R2_MT9700_MTK/./monitor_ap/DRIVER/USB_Host/source/usb_host_p1/drvHostLib.o
                0x00010d00                _flib_Host20_PortBusReset
 .text.flib_Host20_FirstTransfer
                0x00010fe4       0xc6 Obj_R2_MT9700_MTK/./monitor_ap/DRIVER/USB_Host/source/usb_host_p1/drvHostLib.o
                0x00010fe4                _flib_Host20_FirstTransfer
 .text.flib_Host20_Enumerate
                0x000110aa      0x500 Obj_R2_MT9700_MTK/./monitor_ap/DRIVER/USB_Host/source/usb_host_p1/drvHostLib.o
                0x000110aa                _flib_Host20_Enumerate
 .text.flib_OTGH_Init
                0x000115aa       0xeb Obj_R2_MT9700_MTK/./monitor_ap/DRIVER/USB_Host/source/usb_host_p1/drvHostLib.o
                0x000115aa                _flib_OTGH_Init
 .text.Host20_MSCD_issue_CBW
                0x00011695       0x87 Obj_R2_MT9700_MTK/./monitor_ap/DRIVER/USB_Host/source/usb_host_p1/drvMassStorage.o
                0x00011695                _Host20_MSCD_issue_CBW
 .text.Host20_MSCD_issue_Data
                0x0001171c      0x237 Obj_R2_MT9700_MTK/./monitor_ap/DRIVER/USB_Host/source/usb_host_p1/drvMassStorage.o
                0x0001171c                _Host20_MSCD_issue_Data
 .text.Host20_MSCD_issue_CSW
                0x00011953       0xdd Obj_R2_MT9700_MTK/./monitor_ap/DRIVER/USB_Host/source/usb_host_p1/drvMassStorage.o
                0x00011953                _Host20_MSCD_issue_CSW
 .text.Host20_MSCD_GetMaxLUN
                0x00011a30       0x5e Obj_R2_MT9700_MTK/./monitor_ap/DRIVER/USB_Host/source/usb_host_p1/drvMassStorage.o
                0x00011a30                _Host20_MSCD_GetMaxLUN
 .text.Host20_MSCD_ClearFeature
                0x00011a8e       0xa9 Obj_R2_MT9700_MTK/./monitor_ap/DRIVER/USB_Host/source/usb_host_p1/drvMassStorage.o
                0x00011a8e                _Host20_MSCD_ClearFeature
 .text.Host20_MSDCD_usb_stor_CBI_protocol
                0x00011b37       0xb3 Obj_R2_MT9700_MTK/./monitor_ap/DRIVER/USB_Host/source/usb_host_p1/drvMassStorage.o
                0x00011b37                _Host20_MSDCD_usb_stor_CBI_protocol
 .text.Host20_MSCD_usb_stor_control_thread
                0x00011bea      0x1e3 Obj_R2_MT9700_MTK/./monitor_ap/DRIVER/USB_Host/source/usb_host_p1/drvMassStorage.o
                0x00011bea                _Host20_MSCD_usb_stor_control_thread
 .text.vSCSICmd_READ_WRITE_10
                0x00011dcd       0x95 Obj_R2_MT9700_MTK/./monitor_ap/DRIVER/USB_Host/source/usb_host_p1/drvScsi.o
                0x00011dcd                _vSCSICmd_READ_WRITE_10
 .text.bSCSI_Read_Write10
                0x00011e62       0x82 Obj_R2_MT9700_MTK/./monitor_ap/DRIVER/USB_Host/source/usb_host_p1/drvScsi.o
                0x00011e62                _bSCSI_Read_Write10
 .text.vSCSICmd_Prepare
                0x00011ee4       0x4a Obj_R2_MT9700_MTK/./monitor_ap/DRIVER/USB_Host/source/usb_host_p1/drvScsi.o
                0x00011ee4                _vSCSICmd_Prepare
 .text.vSCSICmd_REQUEST_SENSE
                0x00011f2e       0x5c Obj_R2_MT9700_MTK/./monitor_ap/DRIVER/USB_Host/source/usb_host_p1/drvScsi.o
                0x00011f2e                _vSCSICmd_REQUEST_SENSE
 .text.vSCSI_REQUEST_SENSE
                0x00011f8a       0x52 Obj_R2_MT9700_MTK/./monitor_ap/DRIVER/USB_Host/source/usb_host_p1/drvScsi.o
                0x00011f8a                _vSCSI_REQUEST_SENSE
 .text.vSCSICmd_MODE_SENSE_OperCode5A
                0x00011fdc       0x74 Obj_R2_MT9700_MTK/./monitor_ap/DRIVER/USB_Host/source/usb_host_p1/drvScsi.o
                0x00011fdc                _vSCSICmd_MODE_SENSE_OperCode5A
 .text.bSCSI_MODE_SENSE_OperCode5A
                0x00012050       0xc6 Obj_R2_MT9700_MTK/./monitor_ap/DRIVER/USB_Host/source/usb_host_p1/drvScsi.o
                0x00012050                _bSCSI_MODE_SENSE_OperCode5A
 .text.vSCSICmd_MODE_SENSE
                0x00012116       0x6d Obj_R2_MT9700_MTK/./monitor_ap/DRIVER/USB_Host/source/usb_host_p1/drvScsi.o
                0x00012116                _vSCSICmd_MODE_SENSE
 .text.bSCSI_MODE_SENSE
                0x00012183       0xc6 Obj_R2_MT9700_MTK/./monitor_ap/DRIVER/USB_Host/source/usb_host_p1/drvScsi.o
                0x00012183                _bSCSI_MODE_SENSE
 .text.vSCSICmd_READ_FORMAT_CAPACITY
                0x00012249       0x5b Obj_R2_MT9700_MTK/./monitor_ap/DRIVER/USB_Host/source/usb_host_p1/drvScsi.o
                0x00012249                _vSCSICmd_READ_FORMAT_CAPACITY
 .text.bSCSI_READ_FORMAT_CAPACITY
                0x000122a4       0xea Obj_R2_MT9700_MTK/./monitor_ap/DRIVER/USB_Host/source/usb_host_p1/drvScsi.o
                0x000122a4                _bSCSI_READ_FORMAT_CAPACITY
 .text.vSCSICmd_READ_CAPACITY
                0x0001238e       0x52 Obj_R2_MT9700_MTK/./monitor_ap/DRIVER/USB_Host/source/usb_host_p1/drvScsi.o
                0x0001238e                _vSCSICmd_READ_CAPACITY
 .text.bSCSI_READ_CAPACITY
                0x000123e0       0xda Obj_R2_MT9700_MTK/./monitor_ap/DRIVER/USB_Host/source/usb_host_p1/drvScsi.o
                0x000123e0                _bSCSI_READ_CAPACITY
 .text.vSCSICmd_INQUIRY
                0x000124ba       0x5d Obj_R2_MT9700_MTK/./monitor_ap/DRIVER/USB_Host/source/usb_host_p1/drvScsi.o
                0x000124ba                _vSCSICmd_INQUIRY
 .text.bSCSI_INQUIRY
                0x00012517      0x13a Obj_R2_MT9700_MTK/./monitor_ap/DRIVER/USB_Host/source/usb_host_p1/drvScsi.o
                0x00012517                _bSCSI_INQUIRY
 .text.bSCSI_TEST_UNIT_READY2
                0x00012651      0x14d Obj_R2_MT9700_MTK/./monitor_ap/DRIVER/USB_Host/source/usb_host_p1/drvScsi.o
                0x00012651                _bSCSI_TEST_UNIT_READY2
 .text.GetValidLun
                0x0001279e       0xe7 Obj_R2_MT9700_MTK/./monitor_ap/DRIVER/USB_Host/source/usb_host_p1/drvScsi.o
                0x0001279e                _GetValidLun
 .text.bSCSI_TEST_UNIT_READY
                0x00012885       0xf6 Obj_R2_MT9700_MTK/./monitor_ap/DRIVER/USB_Host/source/usb_host_p1/drvScsi.o
                0x00012885                _bSCSI_TEST_UNIT_READY
 .text.bInit_USB_LUN
                0x0001297b       0xce Obj_R2_MT9700_MTK/./monitor_ap/DRIVER/USB_Host/source/usb_host_p1/drvScsi.o
                0x0001297b                _bInit_USB_LUN
 .text.bSCSI_Initial
                0x00012a49       0xe1 Obj_R2_MT9700_MTK/./monitor_ap/DRIVER/USB_Host/source/usb_host_p1/drvScsi.o
                0x00012a49                _bSCSI_Initial
 .text.Init_Mass_Storage_Structure
                0x00012b2a       0x69 Obj_R2_MT9700_MTK/./monitor_ap/DRIVER/USB_Host/source/usb_host_p1/drvScsi.o
                0x00012b2a                _Init_Mass_Storage_Structure
 .text.usb_bc_enable
                0x00012b93       0x55 Obj_R2_MT9700_MTK/./monitor_ap/DRIVER/USB_Host/source/usb_host_p1/drvUsbMain.o
                0x00012b93                _usb_bc_enable
 .text.MDrv_USBGetChipID
                0x00012be8       0x28 Obj_R2_MT9700_MTK/./monitor_ap/DRIVER/USB_Host/source/usb_host_p1/drvUsbMain.o
                0x00012be8                _MDrv_USBGetChipID
 .text.MDrv_USBGetChipVersion
                0x00012c10       0x25 Obj_R2_MT9700_MTK/./monitor_ap/DRIVER/USB_Host/source/usb_host_p1/drvUsbMain.o
                0x00012c10                _MDrv_USBGetChipVersion
 .text.MDrv_USBGetPortAutoSwitchStatus
                0x00012c35        0xa Obj_R2_MT9700_MTK/./monitor_ap/DRIVER/USB_Host/source/usb_host_p1/drvUsbMain.o
                0x00012c35                _MDrv_USBGetPortAutoSwitchStatus
 .text.MDrv_SetUsbDeviceStatus
                0x00012c3f        0xa Obj_R2_MT9700_MTK/./monitor_ap/DRIVER/USB_Host/source/usb_host_p1/drvUsbMain.o
                0x00012c3f                _MDrv_SetUsbDeviceStatus
 .text.MDrv_GetUsbBlockSize
                0x00012c49       0x15 Obj_R2_MT9700_MTK/./monitor_ap/DRIVER/USB_Host/source/usb_host_p1/drvUsbMain.o
                0x00012c49                _MDrv_GetUsbBlockSize
 .text.MDrv_GetUsbBlockNum
                0x00012c5e       0x15 Obj_R2_MT9700_MTK/./monitor_ap/DRIVER/USB_Host/source/usb_host_p1/drvUsbMain.o
                0x00012c5e                _MDrv_GetUsbBlockNum
 .text.MDrv_USBGetVIDPID
                0x00012c73       0x28 Obj_R2_MT9700_MTK/./monitor_ap/DRIVER/USB_Host/source/usb_host_p1/drvUsbMain.o
                0x00012c73                _MDrv_USBGetVIDPID
 .text.MDrv_UsbGetMaxLUNCount
                0x00012c9b       0x39 Obj_R2_MT9700_MTK/./monitor_ap/DRIVER/USB_Host/source/usb_host_p1/drvUsbMain.o
                0x00012c9b                _MDrv_UsbGetMaxLUNCount
 .text.MDrv_UsbBlockWriteFromMIU
                0x00012cd4       0xa4 Obj_R2_MT9700_MTK/./monitor_ap/DRIVER/USB_Host/source/usb_host_p1/drvUsbMain.o
                0x00012cd4                _MDrv_UsbBlockWriteFromMIU
 .text.MDrv_UsbClose
                0x00012d78        0x4 Obj_R2_MT9700_MTK/./monitor_ap/DRIVER/USB_Host/source/usb_host_p1/drvUsbMain.o
                0x00012d78                _MDrv_UsbClose
 .text.MDrv_GET_MASS_VALID_LUN
                0x00012d7c       0xea Obj_R2_MT9700_MTK/./monitor_ap/DRIVER/USB_Host/source/usb_host_p1/drvUsbMain.o
                0x00012d7c                _MDrv_GET_MASS_VALID_LUN
 .text.USBC_READXBYTE
                0x00012e66       0x1a Obj_R2_MT9700_MTK/./monitor_ap/DRIVER/USB_Host/source/usb_host_p1/drvUsbMain.o
                0x00012e66                _USBC_READXBYTE
 .text.UHC_READXBYTE
                0x00012e80       0x1a Obj_R2_MT9700_MTK/./monitor_ap/DRIVER/USB_Host/source/usb_host_p1/drvUsbMain.o
                0x00012e80                _UHC_READXBYTE
 .text.UTMI_READXBYTE
                0x00012e9a       0x1a Obj_R2_MT9700_MTK/./monitor_ap/DRIVER/USB_Host/source/usb_host_p1/drvUsbMain.o
                0x00012e9a                _UTMI_READXBYTE
 .text.UHC_SETXBYTE
                0x00012eb4       0x12 Obj_R2_MT9700_MTK/./monitor_ap/DRIVER/USB_Host/source/usb_host_p1/drvUsbMain.o
                0x00012eb4                _UHC_SETXBYTE
 .text.UTMI_SETXBYTE
                0x00012ec6       0x12 Obj_R2_MT9700_MTK/./monitor_ap/DRIVER/USB_Host/source/usb_host_p1/drvUsbMain.o
                0x00012ec6                _UTMI_SETXBYTE
 .text.USBC_ANDXBYTE
                0x00012ed8       0x12 Obj_R2_MT9700_MTK/./monitor_ap/DRIVER/USB_Host/source/usb_host_p1/drvUsbMain.o
                0x00012ed8                _USBC_ANDXBYTE
 .text.UHC_ANDXBYTE
                0x00012eea       0x12 Obj_R2_MT9700_MTK/./monitor_ap/DRIVER/USB_Host/source/usb_host_p1/drvUsbMain.o
                0x00012eea                _UHC_ANDXBYTE
 .text.UTMI_ANDXBYTE
                0x00012efc       0x12 Obj_R2_MT9700_MTK/./monitor_ap/DRIVER/USB_Host/source/usb_host_p1/drvUsbMain.o
                0x00012efc                _UTMI_ANDXBYTE
 .text.USBC_ORXBYTE
                0x00012f0e       0x12 Obj_R2_MT9700_MTK/./monitor_ap/DRIVER/USB_Host/source/usb_host_p1/drvUsbMain.o
                0x00012f0e                _USBC_ORXBYTE
 .text.UHC_ORXBYTE
                0x00012f20       0x12 Obj_R2_MT9700_MTK/./monitor_ap/DRIVER/USB_Host/source/usb_host_p1/drvUsbMain.o
                0x00012f20                _UHC_ORXBYTE
 .text.UTMI_ORXBYTE
                0x00012f32       0x12 Obj_R2_MT9700_MTK/./monitor_ap/DRIVER/USB_Host/source/usb_host_p1/drvUsbMain.o
                0x00012f32                _UTMI_ORXBYTE
 .text.ResetUsbHardware
                0x00012f44       0x24 Obj_R2_MT9700_MTK/./monitor_ap/DRIVER/USB_Host/source/usb_host_p1/drvUsbMain.o
                0x00012f44                _ResetUsbHardware
 .text.MDrv_UsbDeviceConnect
                0x00012f68      0x1eb Obj_R2_MT9700_MTK/./monitor_ap/DRIVER/USB_Host/source/usb_host_p1/drvUsbMain.o
                0x00012f68                _MDrv_UsbDeviceConnect
 .text.MDrv_UTMI_Setting
                0x00013153       0x2d Obj_R2_MT9700_MTK/./monitor_ap/DRIVER/USB_Host/source/usb_host_p1/drvUsbMain.o
                0x00013153                _MDrv_UTMI_Setting
 .text.MDrv_UsbHost_Init
                0x00013180      0x64b Obj_R2_MT9700_MTK/./monitor_ap/DRIVER/USB_Host/source/usb_host_p1/drvUsbMain.o
                0x00013180                _MDrv_UsbHost_Init
 .text.MDrv_Usb_Device_Enum
                0x000137cb      0x381 Obj_R2_MT9700_MTK/./monitor_ap/DRIVER/USB_Host/source/usb_host_p1/drvUsbMain.o
                0x000137cb                _MDrv_Usb_Device_Enum
 .text.MDrv_UsbBlockReadToMIU
                0x00013b4c      0x192 Obj_R2_MT9700_MTK/./monitor_ap/DRIVER/USB_Host/source/usb_host_p1/drvUsbMain.o
                0x00013b4c                _MDrv_UsbBlockReadToMIU
 .text.ShiftFontUpDown
                0x00013cde       0xa6 Obj_R2_MT9700_MTK/./monitor_ap/KERNEL/SCALER/LoadPropFont1218.o
 .text.OSDLoadOneFont
                0x00013d84       0x63 Obj_R2_MT9700_MTK/./monitor_ap/KERNEL/SCALER/LoadPropFont1218.o
                0x00013d84                _OSDLoadOneFont
 .text.ClearFontBuf
                0x00013de7       0x12 Obj_R2_MT9700_MTK/./monitor_ap/KERNEL/SCALER/LoadPropFont1218.o
                0x00013de7                _ClearFontBuf
 .text.CopySubFontBuf
                0x00013df9       0x32 Obj_R2_MT9700_MTK/./monitor_ap/KERNEL/SCALER/LoadPropFont1218.o
 .text.GetRemainderPixelOfString
                0x00013e2b       0x77 Obj_R2_MT9700_MTK/./monitor_ap/KERNEL/SCALER/LoadPropFont1218.o
 .text.LoadPropFonts1218
                0x00013ea2      0x9d5 Obj_R2_MT9700_MTK/./monitor_ap/KERNEL/SCALER/LoadPropFont1218.o
                0x00013ea2                _LoadPropFonts1218
 .text.msDrvPWMMaskTransfer
                0x00014877      0x14d Obj_R2_MT9700_MTK/./monitor_ap/KERNEL/SCALER/drvGPIO.o
                0x00014877                _msDrvPWMMaskTransfer
 .text.msDrvPWMPeriodGet
                0x000149c4       0x33 Obj_R2_MT9700_MTK/./monitor_ap/KERNEL/SCALER/drvGPIO.o
                0x000149c4                _msDrvPWMPeriodGet
 .text.msDrvPWMShiftGet
                0x000149f7       0x33 Obj_R2_MT9700_MTK/./monitor_ap/KERNEL/SCALER/drvGPIO.o
                0x000149f7                _msDrvPWMShiftGet
 .text.msAPIPWMClkSel
                0x00014a2a       0x2d Obj_R2_MT9700_MTK/./monitor_ap/KERNEL/SCALER/drvGPIO.o
                0x00014a2a                _msAPIPWMClkSel
 .text.msAPIDispPWMMappingConfig
                0x00014a57       0x17 Obj_R2_MT9700_MTK/./monitor_ap/KERNEL/SCALER/drvGPIO.o
                0x00014a57                _msAPIDispPWMMappingConfig
 .text.msDrvPWMDoubleBuffer
                0x00014a6e       0xc1 Obj_R2_MT9700_MTK/./monitor_ap/KERNEL/SCALER/drvGPIO.o
                0x00014a6e                _msDrvPWMDoubleBuffer
 .text.msDrvPWMEnableSwitch
                0x00014b2f      0x25a Obj_R2_MT9700_MTK/./monitor_ap/KERNEL/SCALER/drvGPIO.o
                0x00014b2f                _msDrvPWMEnableSwitch
 .text.msDrvPWMSWDBEnd
                0x00014d89       0x8e Obj_R2_MT9700_MTK/./monitor_ap/KERNEL/SCALER/drvGPIO.o
 .text.msDrvPWMSWDBStart
                0x00014e17       0x98 Obj_R2_MT9700_MTK/./monitor_ap/KERNEL/SCALER/drvGPIO.o
 .text.msDrvPWMPolarity
                0x00014eaf       0x79 Obj_R2_MT9700_MTK/./monitor_ap/KERNEL/SCALER/drvGPIO.o
                0x00014eaf                _msDrvPWMPolarity
 .text.msDrvPWMDuty
                0x00014f28      0x162 Obj_R2_MT9700_MTK/./monitor_ap/KERNEL/SCALER/drvGPIO.o
                0x00014f28                _msDrvPWMDuty
 .text.drvGPIO_SetPWMDuty
                0x0001508a       0x8d Obj_R2_MT9700_MTK/./monitor_ap/KERNEL/SCALER/drvGPIO.o
                0x0001508a                _drvGPIO_SetPWMDuty
 .text.drvGPIO_SetBacklightDuty
                0x00015117        0x4 Obj_R2_MT9700_MTK/./monitor_ap/KERNEL/SCALER/drvGPIO.o
                0x00015117                _drvGPIO_SetBacklightDuty
 .text.msAPIPWMShift
                0x0001511b       0xa8 Obj_R2_MT9700_MTK/./monitor_ap/KERNEL/SCALER/drvGPIO.o
                0x0001511b                _msAPIPWMShift
 .text.drvGPIO_SetPWMFreq
                0x000151c3      0x176 Obj_R2_MT9700_MTK/./monitor_ap/KERNEL/SCALER/drvGPIO.o
                0x000151c3                _drvGPIO_SetPWMFreq
 .text.msDrvPWMAlignSync
                0x00015339      0x1eb Obj_R2_MT9700_MTK/./monitor_ap/KERNEL/SCALER/drvGPIO.o
                0x00015339                _msDrvPWMAlignSync
 .text.msAPIPWMConfig
                0x00015524       0x8a Obj_R2_MT9700_MTK/./monitor_ap/KERNEL/SCALER/drvGPIO.o
                0x00015524                _msAPIPWMConfig
 .text.IsSupportedAspRatioMode
                0x000155ae      0x10a Obj_R2_MT9700_MTK/./monitor_ap/KERNEL/SCALER/mStar.o
                0x000155ae                _IsSupportedAspRatioMode
 .text.OverScanCheck
                0x000156b8      0x201 Obj_R2_MT9700_MTK/./monitor_ap/KERNEL/SCALER/mStar.o
                0x000156b8                _OverScanCheck
 .text.SetInputCombColorFormat
                0x000158b9       0x2f Obj_R2_MT9700_MTK/./monitor_ap/KERNEL/SCALER/mStar.o
                0x000158b9                _SetInputCombColorFormat
 .text.GetInputCombColorFormat
                0x000158e8       0x2f Obj_R2_MT9700_MTK/./monitor_ap/KERNEL/SCALER/mStar.o
                0x000158e8                _GetInputCombColorFormat
 .text.SetInputColorFormat
                0x00015917       0x62 Obj_R2_MT9700_MTK/./monitor_ap/KERNEL/SCALER/mStar.o
                0x00015917                _SetInputColorFormat
 .text.mStar_BlackWhiteScreenCtrl
                0x00015979       0x38 Obj_R2_MT9700_MTK/./monitor_ap/KERNEL/SCALER/mStar.o
                0x00015979                _mStar_BlackWhiteScreenCtrl
 .text.mStar_SetIPMux
                0x000159b1      0x35e Obj_R2_MT9700_MTK/./monitor_ap/KERNEL/SCALER/mStar.o
                0x000159b1                _mStar_SetIPMux
 .text.mStar_EnableModeChangeINT
                0x00015d0f       0x9a Obj_R2_MT9700_MTK/./monitor_ap/KERNEL/SCALER/mStar.o
                0x00015d0f                _mStar_EnableModeChangeINT
 .text.IsColorspaceRGBInput
                0x00015da9       0x73 Obj_R2_MT9700_MTK/./monitor_ap/KERNEL/SCALER/mStar.o
                0x00015da9                _IsColorspaceRGBInput
 .text.IsColorspaceRGB
                0x00015e1c       0x10 Obj_R2_MT9700_MTK/./monitor_ap/KERNEL/SCALER/mStar.o
                0x00015e1c                _IsColorspaceRGB
 .text.SettingInputColorimetry
                0x00015e2c       0xa5 Obj_R2_MT9700_MTK/./monitor_ap/KERNEL/SCALER/mStar.o
                0x00015e2c                _SettingInputColorimetry
 .text.mStar_SetUserPref
                0x00015ed1      0x13a Obj_R2_MT9700_MTK/./monitor_ap/KERNEL/SCALER/mStar.o
                0x00015ed1                _mStar_SetUserPref
 .text.mStar_InitADC
                0x0001600b        0x4 Obj_R2_MT9700_MTK/./monitor_ap/KERNEL/SCALER/mStar.o
                0x0001600b                _mStar_InitADC
 .text.mStar_PowerDown
                0x0001600f       0x67 Obj_R2_MT9700_MTK/./monitor_ap/KERNEL/SCALER/mStar.o
                0x0001600f                _mStar_PowerDown
 .text.mStar_SetupClampingByMode
                0x00016076       0x4e Obj_R2_MT9700_MTK/./monitor_ap/KERNEL/SCALER/mStar.o
                0x00016076                _mStar_SetupClampingByMode
 .text.mStar_SetupADC
                0x000160c4       0xb3 Obj_R2_MT9700_MTK/./monitor_ap/KERNEL/SCALER/mStar.o
                0x000160c4                _mStar_SetupADC
 .text.mStar_SetCaptureWindow
                0x00016177      0x314 Obj_R2_MT9700_MTK/./monitor_ap/KERNEL/SCALER/mStar.o
                0x00016177                _mStar_SetCaptureWindow
 .text.ScalerReset
                0x0001648b      0x119 Obj_R2_MT9700_MTK/./monitor_ap/KERNEL/SCALER/mStar.o
                0x0001648b                _ScalerReset
 .text.mStar_PowerUp
                0x000165a4       0x3c Obj_R2_MT9700_MTK/./monitor_ap/KERNEL/SCALER/mStar.o
                0x000165a4                _mStar_PowerUp
 .text.mStar_SetupInputPort
                0x000165e0      0x20d Obj_R2_MT9700_MTK/./monitor_ap/KERNEL/SCALER/mStar.o
                0x000165e0                _mStar_SetupInputPort
 .text.mStar_SetAnalogInputPort
                0x000167ed      0x121 Obj_R2_MT9700_MTK/./monitor_ap/KERNEL/SCALER/mStar.o
                0x000167ed                _mStar_SetAnalogInputPort
 .text.mStar_SetupFreeRunMode
                0x0001690e       0x2f Obj_R2_MT9700_MTK/./monitor_ap/KERNEL/SCALER/mStar.o
                0x0001690e                _mStar_SetupFreeRunMode
 .text.mStar_SetPanelTiming
                0x0001693d       0x1d Obj_R2_MT9700_MTK/./monitor_ap/KERNEL/SCALER/mStar.o
                0x0001693d                _mStar_SetPanelTiming
 .text.mStar_SetupMode
                0x0001695a       0xa2 Obj_R2_MT9700_MTK/./monitor_ap/KERNEL/SCALER/mStar.o
                0x0001695a                _mStar_SetupMode
 .text.mStar_ACOnInit
                0x000169fc       0x16 Obj_R2_MT9700_MTK/./monitor_ap/KERNEL/SCALER/mStar.o
                0x000169fc                _mStar_ACOnInit
 .text.GPIOPWMSelect
                0x00016a12       0x4f Obj_R2_MT9700_MTK/./monitor_ap/KERNEL/SCALER/mStar.o
                0x00016a12                _GPIOPWMSelect
 .text.mStar_Init
                0x00016a61      0x11a Obj_R2_MT9700_MTK/./monitor_ap/KERNEL/SCALER/mStar.o
                0x00016a61                _mStar_Init
 .text.IsCableNotConnected
                0x00016b7b        0x4 Obj_R2_MT9700_MTK/./monitor_ap/KERNEL/SCALER/detect.o
                0x00016b7b                _IsCableNotConnected
 .text.msAPI_FakeSleepTimeOutCnt_Set
                0x00016b7f        0xa Obj_R2_MT9700_MTK/./monitor_ap/KERNEL/SCALER/detect.o
                0x00016b7f                _msAPI_FakeSleepTimeOutCnt_Set
 .text.msAPI_FakeSleepTimeOutCnt_Get
                0x00016b89        0xa Obj_R2_MT9700_MTK/./monitor_ap/KERNEL/SCALER/detect.o
                0x00016b89                _msAPI_FakeSleepTimeOutCnt_Get
 .text.msAPI_FakeSleepTimeOutThd_Get
                0x00016b93        0xa Obj_R2_MT9700_MTK/./monitor_ap/KERNEL/SCALER/detect.o
                0x00016b93                _msAPI_FakeSleepTimeOutThd_Get
 .text.msAPI_FakeSleepTimeOutEn_Set
                0x00016b9d        0xa Obj_R2_MT9700_MTK/./monitor_ap/KERNEL/SCALER/detect.o
                0x00016b9d                _msAPI_FakeSleepTimeOutEn_Set
 .text.msAPI_FakeSleepTimeOutEn_Get
                0x00016ba7        0xa Obj_R2_MT9700_MTK/./monitor_ap/KERNEL/SCALER/detect.o
                0x00016ba7                _msAPI_FakeSleepTimeOutEn_Get
 .text.mStar_Monitor420Status
                0x00016bb1       0x69 Obj_R2_MT9700_MTK/./monitor_ap/KERNEL/SCALER/detect.o
                0x00016bb1                _mStar_Monitor420Status
 .text.msCheckFakeSleep
                0x00016c1a       0x29 Obj_R2_MT9700_MTK/./monitor_ap/KERNEL/SCALER/detect.o
                0x00016c1a                _msCheckFakeSleep
 .text.GetImageHeight
                0x00016c43       0xac Obj_R2_MT9700_MTK/./monitor_ap/KERNEL/SCALER/detect.o
                0x00016c43                _GetImageHeight
 .text.GetImageWidth
                0x00016cef       0xc7 Obj_R2_MT9700_MTK/./monitor_ap/KERNEL/SCALER/detect.o
                0x00016cef                _GetImageWidth
 .text.mStar_CheckFailSafeMode
                0x00016db6       0x95 Obj_R2_MT9700_MTK/./monitor_ap/KERNEL/SCALER/detect.o
                0x00016db6                _mStar_CheckFailSafeMode
 .text.GetVSyncWidth
                0x00016e4b       0x3f Obj_R2_MT9700_MTK/./monitor_ap/KERNEL/SCALER/detect.o
                0x00016e4b                _GetVSyncWidth
 .text.mStar_GetInputStatus
                0x00016e8a      0x19a Obj_R2_MT9700_MTK/./monitor_ap/KERNEL/SCALER/detect.o
                0x00016e8a                _mStar_GetInputStatus
 .text.NewModeInterlacedDetect
                0x00017024      0x19c Obj_R2_MT9700_MTK/./monitor_ap/KERNEL/SCALER/detect.o
                0x00017024                _NewModeInterlacedDetect
 .text.mStar_SyncLossStateDetect
                0x000171c0      0x10d Obj_R2_MT9700_MTK/./monitor_ap/KERNEL/SCALER/detect.o
                0x000171c0                _mStar_SyncLossStateDetect
 .text.mStar_PrepareForTimingChange
                0x000172cd       0xe9 Obj_R2_MT9700_MTK/./monitor_ap/KERNEL/SCALER/detect.o
                0x000172cd                _mStar_PrepareForTimingChange
 .text.mStar_SettingAudioFucntion
                0x000173b6       0xab Obj_R2_MT9700_MTK/./monitor_ap/KERNEL/SCALER/detect.o
                0x000173b6                _mStar_SettingAudioFucntion
 .text.mStar_MonitorColorSpaceChange
                0x00017461       0x5a Obj_R2_MT9700_MTK/./monitor_ap/KERNEL/SCALER/detect.o
                0x00017461                _mStar_MonitorColorSpaceChange
 .text.mStar_MonitorHDMIAvmute
                0x000174bb       0x68 Obj_R2_MT9700_MTK/./monitor_ap/KERNEL/SCALER/detect.o
                0x000174bb                _mStar_MonitorHDMIAvmute
 .text.mStar_ValidTimingDetect
                0x00017523      0x436 Obj_R2_MT9700_MTK/./monitor_ap/KERNEL/SCALER/detect.o
                0x00017523                _mStar_ValidTimingDetect
 .text.mStar_ModeHandler
                0x00017959      0x329 Obj_R2_MT9700_MTK/./monitor_ap/KERNEL/SCALER/detect.o
                0x00017959                _mStar_ModeHandler
 .text.mStar_HperiodDetModeSwitch
                0x00017c82       0xe5 Obj_R2_MT9700_MTK/./monitor_ap/KERNEL/SCALER/detect.o
                0x00017c82                _mStar_HperiodDetModeSwitch
 .text.mStar_MonitorInputTiming
                0x00017d67      0x3d3 Obj_R2_MT9700_MTK/./monitor_ap/KERNEL/SCALER/detect.o
                0x00017d67                _mStar_MonitorInputTiming
 .text.GetRealVaueFunc
                0x0001813a       0x64 Obj_R2_MT9700_MTK/./monitor_ap/KERNEL/SCALER/Adjust.o
                0x0001813a                _GetRealVaueFunc
 .text.GetRealRgbGain
                0x0001819e       0x23 Obj_R2_MT9700_MTK/./monitor_ap/KERNEL/SCALER/Adjust.o
                0x0001819e                _GetRealRgbGain
 .text.GetRealVolume
                0x000181c1       0x30 Obj_R2_MT9700_MTK/./monitor_ap/KERNEL/SCALER/Adjust.o
                0x000181c1                _GetRealVolume
 .text.PWMBoundaryClamp
                0x000181f1        0xf Obj_R2_MT9700_MTK/./monitor_ap/KERNEL/SCALER/Adjust.o
                0x000181f1                _PWMBoundaryClamp
 .text.SetColorModeDemo
                0x00018200        0x4 Obj_R2_MT9700_MTK/./monitor_ap/KERNEL/SCALER/Adjust.o
                0x00018200                _SetColorModeDemo
 .text.msAPI_VideoHueSaturation
                0x00018204        0x4 Obj_R2_MT9700_MTK/./monitor_ap/KERNEL/SCALER/Adjust.o
                0x00018204                _msAPI_VideoHueSaturation
 .text.mStar_SetupSuperResolution
                0x00018208        0x4 Obj_R2_MT9700_MTK/./monitor_ap/KERNEL/SCALER/Adjust.o
                0x00018208                _mStar_SetupSuperResolution
 .text.msInitalSRSetting
                0x0001820c        0x4 Obj_R2_MT9700_MTK/./monitor_ap/KERNEL/SCALER/Adjust.o
                0x0001820c                _msInitalSRSetting
 .text.msAPI_appAdjust_FlashInit
                0x00018210       0x32 Obj_R2_MT9700_MTK/./monitor_ap/KERNEL/SCALER/Adjust.o
                0x00018210                _msAPI_appAdjust_FlashInit
 .text.msAPI_appAdjust_FlashWriteTbl
                0x00018242      0x127 Obj_R2_MT9700_MTK/./monitor_ap/KERNEL/SCALER/Adjust.o
                0x00018242                _msAPI_appAdjust_FlashWriteTbl
 .text.msAPI_appAdjust_FlashWriteByte
                0x00018369       0x7a Obj_R2_MT9700_MTK/./monitor_ap/KERNEL/SCALER/Adjust.o
                0x00018369                _msAPI_appAdjust_FlashWriteByte
 .text.msAPI_WinReportGetWeightingPixelCountBySetRange
                0x000183e3        0x4 Obj_R2_MT9700_MTK/./monitor_ap/KERNEL/SCALER/Adjust.o
                0x000183e3                _msAPI_WinReportGetWeightingPixelCountBySetRange
 .text.msAPI_WinReportSetRange
                0x000183e7        0x4 Obj_R2_MT9700_MTK/./monitor_ap/KERNEL/SCALER/Adjust.o
                0x000183e7                _msAPI_WinReportSetRange
 .text.msAPI_DisplayWindowEnable
                0x000183eb        0x4 Obj_R2_MT9700_MTK/./monitor_ap/KERNEL/SCALER/Adjust.o
                0x000183eb                _msAPI_DisplayWindowEnable
 .text.msAPI_WinReportEnable
                0x000183ef        0x4 Obj_R2_MT9700_MTK/./monitor_ap/KERNEL/SCALER/Adjust.o
                0x000183ef                _msAPI_WinReportEnable
 .text.msAPI_AdjustRGBColor
                0x000183f3       0x93 Obj_R2_MT9700_MTK/./monitor_ap/KERNEL/SCALER/Adjust.o
                0x000183f3                _msAPI_AdjustRGBColor
 .text.msAPI_SetGlobalBrightnessPWM
                0x00018486        0x9 Obj_R2_MT9700_MTK/./monitor_ap/KERNEL/SCALER/Adjust.o
                0x00018486                _msAPI_SetGlobalBrightnessPWM
 .text.mStar_AdjustBrightness
                0x0001848f       0x25 Obj_R2_MT9700_MTK/./monitor_ap/KERNEL/SCALER/Adjust.o
                0x0001848f                _mStar_AdjustBrightness
 .text.msAPI_ColorMatrixEnable
                0x000184b4        0x4 Obj_R2_MT9700_MTK/./monitor_ap/KERNEL/SCALER/Adjust.o
                0x000184b4                _msAPI_ColorMatrixEnable
 .text.msAPI_FixGammaEnable
                0x000184b8        0x4 Obj_R2_MT9700_MTK/./monitor_ap/KERNEL/SCALER/Adjust.o
                0x000184b8                _msAPI_FixGammaEnable
 .text.msAPI_DeGammaEnable
                0x000184bc        0x4 Obj_R2_MT9700_MTK/./monitor_ap/KERNEL/SCALER/Adjust.o
                0x000184bc                _msAPI_DeGammaEnable
 .text.msAPI_GammaEnable
                0x000184c0        0x4 Obj_R2_MT9700_MTK/./monitor_ap/KERNEL/SCALER/Adjust.o
                0x000184c0                _msAPI_GammaEnable
 .text.msAPI_GammaLoadTbl_256E_14B
                0x000184c4        0x4 Obj_R2_MT9700_MTK/./monitor_ap/KERNEL/SCALER/Adjust.o
                0x000184c4                _msAPI_GammaLoadTbl_256E_14B
 .text.msAPI_FixGammaLoadTbl_256E_12B
                0x000184c8       0x35 Obj_R2_MT9700_MTK/./monitor_ap/KERNEL/SCALER/Adjust.o
                0x000184c8                _msAPI_FixGammaLoadTbl_256E_12B
 .text.msAPI_DeGammaLoadTbl_256E_16B_N
                0x000184fd       0x3d Obj_R2_MT9700_MTK/./monitor_ap/KERNEL/SCALER/Adjust.o
                0x000184fd                _msAPI_DeGammaLoadTbl_256E_16B_N
 .text.msAPI_CustomBriEnable
                0x0001853a        0x4 Obj_R2_MT9700_MTK/./monitor_ap/KERNEL/SCALER/Adjust.o
                0x0001853a                _msAPI_CustomBriEnable
 .text.msAPI_CustomSatEnable
                0x0001853e        0x4 Obj_R2_MT9700_MTK/./monitor_ap/KERNEL/SCALER/Adjust.o
                0x0001853e                _msAPI_CustomSatEnable
 .text.msAPI_CustomHueEnable
                0x00018542        0x4 Obj_R2_MT9700_MTK/./monitor_ap/KERNEL/SCALER/Adjust.o
                0x00018542                _msAPI_CustomHueEnable
 .text.mStar_WaitForDataBlanking
                0x00018546       0x9c Obj_R2_MT9700_MTK/./monitor_ap/KERNEL/SCALER/Adjust.o
                0x00018546                _mStar_WaitForDataBlanking
 .text.mStar_AdjustBackgoundColor
                0x000185e2       0x64 Obj_R2_MT9700_MTK/./monitor_ap/KERNEL/SCALER/Adjust.o
                0x000185e2                _mStar_AdjustBackgoundColor
 .text.mStar_AdjustHPosition
                0x00018646       0x12 Obj_R2_MT9700_MTK/./monitor_ap/KERNEL/SCALER/Adjust.o
                0x00018646                _mStar_AdjustHPosition
 .text.mStar_AdjustVPosition
                0x00018658       0x4a Obj_R2_MT9700_MTK/./monitor_ap/KERNEL/SCALER/Adjust.o
                0x00018658                _mStar_AdjustVPosition
 .text.mStar_AdjustBlueColor
                0x000186a2       0x41 Obj_R2_MT9700_MTK/./monitor_ap/KERNEL/SCALER/Adjust.o
                0x000186a2                _mStar_AdjustBlueColor
 .text.mStar_AdjustGreenColor
                0x000186e3       0x41 Obj_R2_MT9700_MTK/./monitor_ap/KERNEL/SCALER/Adjust.o
                0x000186e3                _mStar_AdjustGreenColor
 .text.mStar_AdjustRedColor
                0x00018724       0x41 Obj_R2_MT9700_MTK/./monitor_ap/KERNEL/SCALER/Adjust.o
                0x00018724                _mStar_AdjustRedColor
 .text.mStar_AdjustContrast
                0x00018765       0x43 Obj_R2_MT9700_MTK/./monitor_ap/KERNEL/SCALER/Adjust.o
                0x00018765                _mStar_AdjustContrast
 .text.msAPI_AdjustVolume
                0x000187a8       0x2a Obj_R2_MT9700_MTK/./monitor_ap/KERNEL/SCALER/Adjust.o
                0x000187a8                _msAPI_AdjustVolume
 .text.msMLoad_Reg_Offset
                0x000187d2        0xb Obj_R2_MT9700_MTK/./monitor_ap/KERNEL/SCALER/msMenuload.o
                0x000187d2                _msMLoad_Reg_Offset
 .text.msMLoad_Init
                0x000187dd       0x29 Obj_R2_MT9700_MTK/./monitor_ap/KERNEL/SCALER/msMenuload.o
                0x000187dd                _msMLoad_Init
 .text.msMLoad_Set_On_Off
                0x00018806       0x4b Obj_R2_MT9700_MTK/./monitor_ap/KERNEL/SCALER/msMenuload.o
                0x00018806                _msMLoad_Set_On_Off
 .text.msMLoad_Set_Len
                0x00018851       0x16 Obj_R2_MT9700_MTK/./monitor_ap/KERNEL/SCALER/msMenuload.o
                0x00018851                _msMLoad_Set_Len
 .text.msMLoad_AddCmd
                0x00018867       0x49 Obj_R2_MT9700_MTK/./monitor_ap/KERNEL/SCALER/msMenuload.o
                0x00018867                _msMLoad_AddCmd
 .text.msMLoad_Set_Base_Addr
                0x000188b0       0x54 Obj_R2_MT9700_MTK/./monitor_ap/KERNEL/SCALER/msMenuload.o
                0x000188b0                _msMLoad_Set_Base_Addr
 .text.msMLoad_Set_Depth
                0x00018904       0x27 Obj_R2_MT9700_MTK/./monitor_ap/KERNEL/SCALER/msMenuload.o
                0x00018904                _msMLoad_Set_Depth
 .text.msMLoad_Trigger
                0x0001892b       0x4a Obj_R2_MT9700_MTK/./monitor_ap/KERNEL/SCALER/msMenuload.o
                0x0001892b                _msMLoad_Trigger
 .text.msMLoad_Get_Status
                0x00018975       0x23 Obj_R2_MT9700_MTK/./monitor_ap/KERNEL/SCALER/msMenuload.o
                0x00018975                _msMLoad_Get_Status
 .text.msMLoad_Check_Done
                0x00018998       0x1e Obj_R2_MT9700_MTK/./monitor_ap/KERNEL/SCALER/msMenuload.o
                0x00018998                _msMLoad_Check_Done
 .text.msMLoad_Reset